--------------------------------------------------------------------------------
Release 14.6 Trace  (nt64)
Copyright (c) 1995-2013 Xilinx, Inc.  All rights reserved.

C:\Xilinx\14.6\ISE_DS\ISE\bin\nt64\unwrapped\trce.exe -e 3 -xml system.twx
system.ncd system.pcf

Design file:              system.ncd
Physical constraint file: system.pcf
Device,package,speed:     xc5vlx50t,ff1136,-1 (PRODUCTION 1.73 2013-06-08, STEPPING level 0)
Report level:             error report

Environment Variable      Effect 
--------------------      ------ 
NONE                      No environment variables were set
--------------------------------------------------------------------------------

INFO:Timing:3386 - Intersecting Constraints found and resolved.  For more 
   information, see the TSI report.  Please consult the Xilinx Command Line 
   Tools User Guide for information on generating a TSI report.
INFO:Timing:3412 - To improve timing, see the Timing Closure User Guide (UG612).
INFO:Timing:2752 - To get complete path coverage, use the unconstrained paths 
   option. All paths that are not constrained will be reported in the 
   unconstrained paths section(s) of the report.
INFO:Timing:3339 - The clock-to-out numbers in this timing report are based on 
   a 50 Ohm transmission line loading model.  For the details of this model, 
   and for more information on accounting for different loading conditions, 
   please see the device datasheet.

================================================================================
Timing constraint: NET         
"DDR2_SDRAM/DDR2_SDRAM/mpmc_core_0/gen_v5_ddr2_phy.mpmc_phy_if_0/u_phy_io_0/
en_dqs<7>"         MAXDELAY = 0.6 ns;

 1 net analyzed, 0 failing nets detected.
 0 timing errors detected.
 Maximum net delay is   0.522ns.
--------------------------------------------------------------------------------

================================================================================
Timing constraint: NET         
"DDR2_SDRAM/DDR2_SDRAM/mpmc_core_0/gen_v5_ddr2_phy.mpmc_phy_if_0/u_phy_io_0/
en_dqs<6>"         MAXDELAY = 0.6 ns;

 1 net analyzed, 0 failing nets detected.
 0 timing errors detected.
 Maximum net delay is   0.531ns.
--------------------------------------------------------------------------------

================================================================================
Timing constraint: NET         
"DDR2_SDRAM/DDR2_SDRAM/mpmc_core_0/gen_v5_ddr2_phy.mpmc_phy_if_0/u_phy_io_0/
en_dqs<5>"         MAXDELAY = 0.6 ns;

 1 net analyzed, 0 failing nets detected.
 0 timing errors detected.
 Maximum net delay is   0.522ns.
--------------------------------------------------------------------------------

================================================================================
Timing constraint: NET         
"DDR2_SDRAM/DDR2_SDRAM/mpmc_core_0/gen_v5_ddr2_phy.mpmc_phy_if_0/u_phy_io_0/
en_dqs<4>"         MAXDELAY = 0.6 ns;

 1 net analyzed, 0 failing nets detected.
 0 timing errors detected.
 Maximum net delay is   0.522ns.
--------------------------------------------------------------------------------

================================================================================
Timing constraint: NET         
"DDR2_SDRAM/DDR2_SDRAM/mpmc_core_0/gen_v5_ddr2_phy.mpmc_phy_if_0/u_phy_io_0/
en_dqs<3>"         MAXDELAY = 0.6 ns;

 1 net analyzed, 0 failing nets detected.
 0 timing errors detected.
 Maximum net delay is   0.522ns.
--------------------------------------------------------------------------------

================================================================================
Timing constraint: NET         
"DDR2_SDRAM/DDR2_SDRAM/mpmc_core_0/gen_v5_ddr2_phy.mpmc_phy_if_0/u_phy_io_0/
en_dqs<2>"         MAXDELAY = 0.6 ns;

 1 net analyzed, 0 failing nets detected.
 0 timing errors detected.
 Maximum net delay is   0.522ns.
--------------------------------------------------------------------------------

================================================================================
Timing constraint: NET         
"DDR2_SDRAM/DDR2_SDRAM/mpmc_core_0/gen_v5_ddr2_phy.mpmc_phy_if_0/u_phy_io_0/
en_dqs<1>"         MAXDELAY = 0.6 ns;

 1 net analyzed, 0 failing nets detected.
 0 timing errors detected.
 Maximum net delay is   0.528ns.
--------------------------------------------------------------------------------

================================================================================
Timing constraint: NET         
"DDR2_SDRAM/DDR2_SDRAM/mpmc_core_0/gen_v5_ddr2_phy.mpmc_phy_if_0/u_phy_io_0/
en_dqs<0>"         MAXDELAY = 0.6 ns;

 1 net analyzed, 0 failing nets detected.
 0 timing errors detected.
 Maximum net delay is   0.522ns.
--------------------------------------------------------------------------------

================================================================================
Timing constraint: NET         
"DDR2_SDRAM/DDR2_SDRAM/mpmc_core_0/gen_v5_ddr2_phy.mpmc_phy_if_0/u_phy_io_0/
gen_dqs[7].u_iob_dqs/en_dqs_sync"         MAXDELAY = 0.85 ns;

 1 net analyzed, 0 failing nets detected.
 0 timing errors detected.
 Maximum net delay is   0.803ns.
--------------------------------------------------------------------------------

================================================================================
Timing constraint: NET         
"DDR2_SDRAM/DDR2_SDRAM/mpmc_core_0/gen_v5_ddr2_phy.mpmc_phy_if_0/u_phy_io_0/
gen_dqs[6].u_iob_dqs/en_dqs_sync"         MAXDELAY = 0.85 ns;

 1 net analyzed, 0 failing nets detected.
 0 timing errors detected.
 Maximum net delay is   0.803ns.
--------------------------------------------------------------------------------

================================================================================
Timing constraint: NET         
"DDR2_SDRAM/DDR2_SDRAM/mpmc_core_0/gen_v5_ddr2_phy.mpmc_phy_if_0/u_phy_io_0/
gen_dqs[5].u_iob_dqs/en_dqs_sync"         MAXDELAY = 0.85 ns;

 1 net analyzed, 0 failing nets detected.
 0 timing errors detected.
 Maximum net delay is   0.805ns.
--------------------------------------------------------------------------------

================================================================================
Timing constraint: NET         
"DDR2_SDRAM/DDR2_SDRAM/mpmc_core_0/gen_v5_ddr2_phy.mpmc_phy_if_0/u_phy_io_0/
gen_dqs[4].u_iob_dqs/en_dqs_sync"         MAXDELAY = 0.85 ns;

 1 net analyzed, 0 failing nets detected.
 0 timing errors detected.
 Maximum net delay is   0.838ns.
--------------------------------------------------------------------------------

================================================================================
Timing constraint: NET         
"DDR2_SDRAM/DDR2_SDRAM/mpmc_core_0/gen_v5_ddr2_phy.mpmc_phy_if_0/u_phy_io_0/
gen_dqs[3].u_iob_dqs/en_dqs_sync"         MAXDELAY = 0.85 ns;

 1 net analyzed, 0 failing nets detected.
 0 timing errors detected.
 Maximum net delay is   0.803ns.
--------------------------------------------------------------------------------

================================================================================
Timing constraint: NET         
"DDR2_SDRAM/DDR2_SDRAM/mpmc_core_0/gen_v5_ddr2_phy.mpmc_phy_if_0/u_phy_io_0/
gen_dqs[2].u_iob_dqs/en_dqs_sync"         MAXDELAY = 0.85 ns;

 1 net analyzed, 0 failing nets detected.
 0 timing errors detected.
 Maximum net delay is   0.803ns.
--------------------------------------------------------------------------------

================================================================================
Timing constraint: NET         
"DDR2_SDRAM/DDR2_SDRAM/mpmc_core_0/gen_v5_ddr2_phy.mpmc_phy_if_0/u_phy_io_0/
gen_dqs[1].u_iob_dqs/en_dqs_sync"         MAXDELAY = 0.85 ns;

 1 net analyzed, 0 failing nets detected.
 0 timing errors detected.
 Maximum net delay is   0.805ns.
--------------------------------------------------------------------------------

================================================================================
Timing constraint: NET         
"DDR2_SDRAM/DDR2_SDRAM/mpmc_core_0/gen_v5_ddr2_phy.mpmc_phy_if_0/u_phy_io_0/
gen_dqs[0].u_iob_dqs/en_dqs_sync"         MAXDELAY = 0.85 ns;

 1 net analyzed, 0 failing nets detected.
 0 timing errors detected.
 Maximum net delay is   0.805ns.
--------------------------------------------------------------------------------

================================================================================
Timing constraint: PATH "TS_SPLB2MPLB_xps_tft_0_path" TIG;

 1 path analyzed, 1 endpoint analyzed, 0 failing endpoints
 0 timing errors detected. (0 setup errors, 0 hold errors)
--------------------------------------------------------------------------------

================================================================================
Timing constraint: PATH "TS_MPLB2TFT_xps_tft_0_path" TIG;

 1 path analyzed, 1 endpoint analyzed, 0 failing endpoints
 0 timing errors detected. (0 setup errors, 0 hold errors)
--------------------------------------------------------------------------------

================================================================================
Timing constraint: PATH "TS_TFT_MPLB_CLOCK_xps_tft_0_path" TIG;

 3 paths analyzed, 3 endpoints analyzed, 0 failing endpoints
 0 timing errors detected. (0 setup errors, 0 hold errors)
--------------------------------------------------------------------------------

================================================================================
Timing constraint: PATH "TS_MPLB2TFT1_xps_tft_0_path" TIG;

 1 path analyzed, 1 endpoint analyzed, 0 failing endpoints
 0 timing errors detected. (0 setup errors, 0 hold errors)
--------------------------------------------------------------------------------

================================================================================
Timing constraint: TS_sys_clk_pin = PERIOD TIMEGRP "sys_clk_pin" 100 MHz HIGH 
50%;
For more information, see Period Analysis in the Timing Closure User Guide (UG612).

 0 paths analyzed, 0 endpoints analyzed, 0 failing endpoints
 0 timing errors detected. (0 component switching limit errors)
 Minimum period is   4.000ns.
--------------------------------------------------------------------------------

================================================================================
Timing constraint: TS_MC_RD_DATA_SEL = MAXDELAY FROM TIMEGRP "TNM_RD_DATA_SEL" 
TO TIMEGRP "FFS"         TS_sys_clk_pin * 2;
For more information, see From:To (Multicycle) Analysis in the Timing Closure User Guide (UG612).

 384 paths analyzed, 384 endpoints analyzed, 0 failing endpoints
 0 timing errors detected. (0 setup errors, 0 hold errors)
 Maximum delay is   4.341ns.
--------------------------------------------------------------------------------

================================================================================
Timing constraint: TS_MC_PHY_INIT_DATA_SEL_0 = MAXDELAY FROM TIMEGRP 
"TNM_PHY_INIT_DATA_SEL" TO         TIMEGRP "FFS" TS_sys_clk_pin * 2;
For more information, see From:To (Multicycle) Analysis in the Timing Closure User Guide (UG612).

 0 paths analyzed, 0 endpoints analyzed, 0 failing endpoints
 0 timing errors detected.
--------------------------------------------------------------------------------

================================================================================
Timing constraint: TS_MC_PHY_INIT_DATA_SEL_90 = MAXDELAY FROM TIMEGRP 
"TNM_PHY_INIT_DATA_SEL" TO         TIMEGRP "FFS" TS_sys_clk_pin * 2;
For more information, see From:To (Multicycle) Analysis in the Timing Closure User Guide (UG612).

 53 paths analyzed, 51 endpoints analyzed, 0 failing endpoints
 0 timing errors detected. (0 setup errors, 0 hold errors)
 Maximum delay is   4.747ns.
--------------------------------------------------------------------------------

================================================================================
Timing constraint: TS_MC_GATE_DLY = MAXDELAY FROM TIMEGRP "TNM_GATE_DLY" TO 
TIMEGRP "FFS"         TS_sys_clk_pin * 2;
For more information, see From:To (Multicycle) Analysis in the Timing Closure User Guide (UG612).

 40 paths analyzed, 40 endpoints analyzed, 0 failing endpoints
 0 timing errors detected. (0 setup errors, 0 hold errors)
 Maximum delay is   3.284ns.
--------------------------------------------------------------------------------

================================================================================
Timing constraint: TS_MC_RDEN_DLY = MAXDELAY FROM TIMEGRP "TNM_RDEN_DLY" TO 
TIMEGRP "FFS"         TS_sys_clk_pin * 2;
For more information, see From:To (Multicycle) Analysis in the Timing Closure User Guide (UG612).

 5 paths analyzed, 5 endpoints analyzed, 0 failing endpoints
 0 timing errors detected. (0 setup errors, 0 hold errors)
 Maximum delay is   2.315ns.
--------------------------------------------------------------------------------

================================================================================
Timing constraint: TS_MC_CAL_RDEN_DLY = MAXDELAY FROM TIMEGRP 
"TNM_CAL_RDEN_DLY" TO TIMEGRP "FFS"         TS_sys_clk_pin * 2;
For more information, see From:To (Multicycle) Analysis in the Timing Closure User Guide (UG612).

 5 paths analyzed, 5 endpoints analyzed, 0 failing endpoints
 0 timing errors detected. (0 setup errors, 0 hold errors)
 Maximum delay is   1.864ns.
--------------------------------------------------------------------------------

================================================================================
Timing constraint: TS_DQ_CE = MAXDELAY FROM TIMEGRP "TNM_DQ_CE_IDDR" TO TIMEGRP 
"TNM_DQS_FLOPS"         1.9 ns;
For more information, see From:To (Multicycle) Analysis in the Timing Closure User Guide (UG612).

 128 paths analyzed, 64 endpoints analyzed, 0 failing endpoints
 0 timing errors detected. (0 setup errors, 0 hold errors)
 Minimum period is   3.676ns.
 Maximum delay is   1.862ns.
--------------------------------------------------------------------------------

================================================================================
Timing constraint: TS_clock_generator_0_clock_generator_0_SIG_PLL0_CLKOUT0 = 
PERIOD TIMEGRP         "clock_generator_0_clock_generator_0_SIG_PLL0_CLKOUT0" 
TS_sys_clk_pin         * 1.25 PHASE 2 ns HIGH 50%;
For more information, see Period Analysis in the Timing Closure User Guide (UG612).

 607979 paths analyzed, 21296 endpoints analyzed, 112 failing endpoints
 112 timing errors detected. (112 setup errors, 0 hold errors, 0 component switching limit errors)
 Minimum period is  15.380ns.
--------------------------------------------------------------------------------
Slack:                  -1.845ns (requirement - (data path - clock path skew + uncertainty))
  Source:               DDR2_SDRAM/DDR2_SDRAM/DUALXCL0_INST.dualxcl_0/dualxcl_read_0/xcl_read_data_a/REORDER.xcl_reorder_buffer/Mram_memory2/DP (RAM)
  Destination:          DDR2_SDRAM/DDR2_SDRAM/DUALXCL0_INST.dualxcl_0/dualxcl_read_0/xcl_read_data_a/gen_read_pipeline_mb.read_data_d1_31 (FF)
  Requirement:          2.000ns
  Data Path Delay:      3.466ns (Levels of Logic = 0)(Component delays alone exceeds constraint)
  Clock Path Skew:      -0.177ns (3.320 - 3.497)
  Source Clock:         clk_125_0000MHzPLL0 rising at 0.000ns
  Destination Clock:    clk_125_0000MHz90PLL0 rising at 2.000ns
  Clock Uncertainty:    0.202ns

  Clock Uncertainty:          0.202ns  ((TSJ^2 + DJ^2)^1/2) / 2 + PE
    Total System Jitter (TSJ):  0.070ns
    Discrete Jitter (DJ):       0.147ns
    Phase Error (PE):           0.120ns

  Maximum Data Path: DDR2_SDRAM/DDR2_SDRAM/DUALXCL0_INST.dualxcl_0/dualxcl_read_0/xcl_read_data_a/REORDER.xcl_reorder_buffer/Mram_memory2/DP to DDR2_SDRAM/DDR2_SDRAM/DUALXCL0_INST.dualxcl_0/dualxcl_read_0/xcl_read_data_a/gen_read_pipeline_mb.read_data_d1_31
    Location             Delay type         Delay(ns)  Physical Resource
                                                       Logical Resource(s)
    -------------------------------------------------  -------------------
    SLICE_X24Y57.BMUX    Tshcko                1.660   DDR2_SDRAM/DDR2_SDRAM/DUALXCL0_INST.dualxcl_0/dualxcl_read_0/xcl_read_data_a/read_data_i<16>
                                                       DDR2_SDRAM/DDR2_SDRAM/DUALXCL0_INST.dualxcl_0/dualxcl_read_0/xcl_read_data_a/REORDER.xcl_reorder_buffer/Mram_memory2/DP
    SLICE_X57Y56.CX      net (fanout=1)        1.802   DDR2_SDRAM/DDR2_SDRAM/DUALXCL0_INST.dualxcl_0/dualxcl_read_0/xcl_read_data_a/read_data_i<31>
    SLICE_X57Y56.CLK     Tdick                 0.004   microblaze_0_IXCL_FSL_S_Data<31>
                                                       DDR2_SDRAM/DDR2_SDRAM/DUALXCL0_INST.dualxcl_0/dualxcl_read_0/xcl_read_data_a/gen_read_pipeline_mb.read_data_d1_31
    -------------------------------------------------  ---------------------------
    Total                                      3.466ns (1.664ns logic, 1.802ns route)
                                                       (48.0% logic, 52.0% route)

--------------------------------------------------------------------------------
Slack:                  -1.270ns (requirement - (data path - clock path skew + uncertainty))
  Source:               DDR2_SDRAM/DDR2_SDRAM/DUALXCL1_INST.dualxcl_1/dualxcl_read_0/xcl_read_data_a/REORDER.xcl_reorder_buffer/Mram_memory1/DP (RAM)
  Destination:          DDR2_SDRAM/DDR2_SDRAM/DUALXCL1_INST.dualxcl_1/dualxcl_read_0/xcl_read_data_a/REORDER.dpram_rd_adr_1 (FF)
  Requirement:          2.000ns
  Data Path Delay:      2.880ns (Levels of Logic = 1)(Component delays alone exceeds constraint)
  Clock Path Skew:      -0.188ns (3.341 - 3.529)
  Source Clock:         clk_125_0000MHzPLL0 rising at 0.000ns
  Destination Clock:    clk_125_0000MHz90PLL0 rising at 2.000ns
  Clock Uncertainty:    0.202ns

  Clock Uncertainty:          0.202ns  ((TSJ^2 + DJ^2)^1/2) / 2 + PE
    Total System Jitter (TSJ):  0.070ns
    Discrete Jitter (DJ):       0.147ns
    Phase Error (PE):           0.120ns

  Maximum Data Path: DDR2_SDRAM/DDR2_SDRAM/DUALXCL1_INST.dualxcl_1/dualxcl_read_0/xcl_read_data_a/REORDER.xcl_reorder_buffer/Mram_memory1/DP to DDR2_SDRAM/DDR2_SDRAM/DUALXCL1_INST.dualxcl_1/dualxcl_read_0/xcl_read_data_a/REORDER.dpram_rd_adr_1
    Location             Delay type         Delay(ns)  Physical Resource
                                                       Logical Resource(s)
    -------------------------------------------------  -------------------
    SLICE_X12Y42.C       Tshcko                1.537   DDR2_SDRAM/DDR2_SDRAM/DUALXCL1_INST.dualxcl_1/dualxcl_read_0/xcl_read_data_a/REORDER_data_valid_out
                                                       DDR2_SDRAM/DDR2_SDRAM/DUALXCL1_INST.dualxcl_1/dualxcl_read_0/xcl_read_data_a/REORDER.xcl_reorder_buffer/Mram_memory1/DP
    SLICE_X18Y39.D5      net (fanout=2)        0.591   DDR2_SDRAM/DDR2_SDRAM/DUALXCL1_INST.dualxcl_1/dualxcl_read_0/xcl_read_data_a/REORDER_data_valid_out
    SLICE_X18Y39.D       Tilo                  0.094   mdm_0/mdm_0/MDM_Core_I1/JTAG_CONTROL_I/data_cmd
                                                       DDR2_SDRAM/DDR2_SDRAM/DUALXCL1_INST.dualxcl_1/dualxcl_read_0/xcl_read_data_a/REORDER_dpram_rd_adr_1_not00011
    SLICE_X19Y39.CE      net (fanout=1)        0.429   DDR2_SDRAM/DDR2_SDRAM/DUALXCL1_INST.dualxcl_1/dualxcl_read_0/xcl_read_data_a/REORDER_dpram_rd_adr_1_not0001
    SLICE_X19Y39.CLK     Tceck                 0.229   DDR2_SDRAM/DDR2_SDRAM/DUALXCL1_INST.dualxcl_1/dualxcl_read_0/xcl_read_data_a/REORDER.dpram_rd_adr_1
                                                       DDR2_SDRAM/DDR2_SDRAM/DUALXCL1_INST.dualxcl_1/dualxcl_read_0/xcl_read_data_a/REORDER.dpram_rd_adr_1
    -------------------------------------------------  ---------------------------
    Total                                      2.880ns (1.860ns logic, 1.020ns route)
                                                       (64.6% logic, 35.4% route)

--------------------------------------------------------------------------------
Slack:                  -1.270ns (requirement - (data path - clock path skew + uncertainty))
  Source:               DDR2_SDRAM/DDR2_SDRAM/DUALXCL1_INST.dualxcl_1/dualxcl_read_0/xcl_read_data_a/REORDER.xcl_reorder_buffer/Mram_memory1/DP (RAM)
  Destination:          DDR2_SDRAM/DDR2_SDRAM/DUALXCL1_INST.dualxcl_1/dualxcl_read_0/xcl_read_data_a/REORDER.dpram_rd_adr_0 (FF)
  Requirement:          2.000ns
  Data Path Delay:      2.880ns (Levels of Logic = 1)(Component delays alone exceeds constraint)
  Clock Path Skew:      -0.188ns (3.341 - 3.529)
  Source Clock:         clk_125_0000MHzPLL0 rising at 0.000ns
  Destination Clock:    clk_125_0000MHz90PLL0 rising at 2.000ns
  Clock Uncertainty:    0.202ns

  Clock Uncertainty:          0.202ns  ((TSJ^2 + DJ^2)^1/2) / 2 + PE
    Total System Jitter (TSJ):  0.070ns
    Discrete Jitter (DJ):       0.147ns
    Phase Error (PE):           0.120ns

  Maximum Data Path: DDR2_SDRAM/DDR2_SDRAM/DUALXCL1_INST.dualxcl_1/dualxcl_read_0/xcl_read_data_a/REORDER.xcl_reorder_buffer/Mram_memory1/DP to DDR2_SDRAM/DDR2_SDRAM/DUALXCL1_INST.dualxcl_1/dualxcl_read_0/xcl_read_data_a/REORDER.dpram_rd_adr_0
    Location             Delay type         Delay(ns)  Physical Resource
                                                       Logical Resource(s)
    -------------------------------------------------  -------------------
    SLICE_X12Y42.C       Tshcko                1.537   DDR2_SDRAM/DDR2_SDRAM/DUALXCL1_INST.dualxcl_1/dualxcl_read_0/xcl_read_data_a/REORDER_data_valid_out
                                                       DDR2_SDRAM/DDR2_SDRAM/DUALXCL1_INST.dualxcl_1/dualxcl_read_0/xcl_read_data_a/REORDER.xcl_reorder_buffer/Mram_memory1/DP
    SLICE_X18Y39.D5      net (fanout=2)        0.591   DDR2_SDRAM/DDR2_SDRAM/DUALXCL1_INST.dualxcl_1/dualxcl_read_0/xcl_read_data_a/REORDER_data_valid_out
    SLICE_X18Y39.D       Tilo                  0.094   mdm_0/mdm_0/MDM_Core_I1/JTAG_CONTROL_I/data_cmd
                                                       DDR2_SDRAM/DDR2_SDRAM/DUALXCL1_INST.dualxcl_1/dualxcl_read_0/xcl_read_data_a/REORDER_dpram_rd_adr_1_not00011
    SLICE_X19Y39.CE      net (fanout=1)        0.429   DDR2_SDRAM/DDR2_SDRAM/DUALXCL1_INST.dualxcl_1/dualxcl_read_0/xcl_read_data_a/REORDER_dpram_rd_adr_1_not0001
    SLICE_X19Y39.CLK     Tceck                 0.229   DDR2_SDRAM/DDR2_SDRAM/DUALXCL1_INST.dualxcl_1/dualxcl_read_0/xcl_read_data_a/REORDER.dpram_rd_adr_1
                                                       DDR2_SDRAM/DDR2_SDRAM/DUALXCL1_INST.dualxcl_1/dualxcl_read_0/xcl_read_data_a/REORDER.dpram_rd_adr_0
    -------------------------------------------------  ---------------------------
    Total                                      2.880ns (1.860ns logic, 1.020ns route)
                                                       (64.6% logic, 35.4% route)

--------------------------------------------------------------------------------

================================================================================
Timing constraint: TS_clock_generator_0_clock_generator_0_SIG_PLL0_CLKOUT1 = 
PERIOD TIMEGRP         "clock_generator_0_clock_generator_0_SIG_PLL0_CLKOUT1" 
TS_sys_clk_pin         * 1.25 HIGH 50%;
For more information, see Period Analysis in the Timing Closure User Guide (UG612).

 88510 paths analyzed, 11916 endpoints analyzed, 0 failing endpoints
 0 timing errors detected. (0 setup errors, 0 hold errors, 0 component switching limit errors)
 Minimum period is   7.689ns.
--------------------------------------------------------------------------------

================================================================================
Timing constraint: TS_clock_generator_0_clock_generator_0_SIG_PLL0_CLKOUT2 = 
PERIOD TIMEGRP         "clock_generator_0_clock_generator_0_SIG_PLL0_CLKOUT2" 
TS_sys_clk_pin         * 2 HIGH 50%;
For more information, see Period Analysis in the Timing Closure User Guide (UG612).

 0 paths analyzed, 0 endpoints analyzed, 0 failing endpoints
 0 timing errors detected. (0 component switching limit errors)
 Minimum period is   1.666ns.
--------------------------------------------------------------------------------

================================================================================
Timing constraint: TS_clock_generator_0_clock_generator_0_SIG_PLL0_CLKOUT3 = 
PERIOD TIMEGRP         "clock_generator_0_clock_generator_0_SIG_PLL0_CLKOUT3" 
TS_sys_clk_pin         * 0.625 HIGH 50%;
For more information, see Period Analysis in the Timing Closure User Guide (UG612).

 11234 paths analyzed, 4101 endpoints analyzed, 0 failing endpoints
 0 timing errors detected. (0 setup errors, 0 hold errors, 0 component switching limit errors)
 Minimum period is  10.992ns.
--------------------------------------------------------------------------------

================================================================================
Timing constraint: TS_clock_generator_0_clock_generator_0_SIG_PLL0_CLKOUT4 = 
PERIOD TIMEGRP         "clock_generator_0_clock_generator_0_SIG_PLL0_CLKOUT4" 
TS_sys_clk_pin         * 0.25 HIGH 50%;
For more information, see Period Analysis in the Timing Closure User Guide (UG612).

 1027 paths analyzed, 467 endpoints analyzed, 0 failing endpoints
 0 timing errors detected. (0 setup errors, 0 hold errors, 0 component switching limit errors)
 Minimum period is  12.184ns.
--------------------------------------------------------------------------------


Derived Constraint Report
Derived Constraints for TS_sys_clk_pin
+-------------------------------+-------------+-------------+-------------+-------------+-------------+-------------+-------------+
|                               |   Period    |       Actual Period       |      Timing Errors        |      Paths Analyzed       |
|           Constraint          | Requirement |-------------+-------------|-------------+-------------|-------------+-------------|
|                               |             |   Direct    | Derivative  |   Direct    | Derivative  |   Direct    | Derivative  |
+-------------------------------+-------------+-------------+-------------+-------------+-------------+-------------+-------------+
|TS_sys_clk_pin                 |     10.000ns|      4.000ns|     19.225ns|            0|          112|            0|       709237|
| TS_MC_RD_DATA_SEL             |      5.000ns|      4.341ns|          N/A|            0|            0|          384|            0|
| TS_MC_PHY_INIT_DATA_SEL_0     |      5.000ns|          N/A|          N/A|            0|            0|            0|            0|
| TS_MC_PHY_INIT_DATA_SEL_90    |      5.000ns|      4.747ns|          N/A|            0|            0|           53|            0|
| TS_MC_GATE_DLY                |      5.000ns|      3.284ns|          N/A|            0|            0|           40|            0|
| TS_MC_RDEN_DLY                |      5.000ns|      2.315ns|          N/A|            0|            0|            5|            0|
| TS_MC_CAL_RDEN_DLY            |      5.000ns|      1.864ns|          N/A|            0|            0|            5|            0|
| TS_clock_generator_0_clock_gen|      8.000ns|     15.380ns|          N/A|          112|            0|       607979|            0|
| erator_0_SIG_PLL0_CLKOUT0     |             |             |             |             |             |             |             |
| TS_clock_generator_0_clock_gen|      8.000ns|      7.689ns|          N/A|            0|            0|        88510|            0|
| erator_0_SIG_PLL0_CLKOUT1     |             |             |             |             |             |             |             |
| TS_clock_generator_0_clock_gen|      5.000ns|      1.666ns|          N/A|            0|            0|            0|            0|
| erator_0_SIG_PLL0_CLKOUT2     |             |             |             |             |             |             |             |
| TS_clock_generator_0_clock_gen|     16.000ns|     10.992ns|          N/A|            0|            0|        11234|            0|
| erator_0_SIG_PLL0_CLKOUT3     |             |             |             |             |             |             |             |
| TS_clock_generator_0_clock_gen|     40.000ns|     12.184ns|          N/A|            0|            0|         1027|            0|
| erator_0_SIG_PLL0_CLKOUT4     |             |             |             |             |             |             |             |
+-------------------------------+-------------+-------------+-------------+-------------+-------------+-------------+-------------+

1 constraint not met.


Data Sheet report:
-----------------
All values displayed in nanoseconds (ns)

Clock to Setup on destination clock fpga_0_DDR2_SDRAM_DDR2_DQS_n_pin<0>
-----------------------------------+---------+---------+---------+---------+
                                   | Src:Rise| Src:Fall| Src:Rise| Src:Fall|
Source Clock                       |Dest:Rise|Dest:Rise|Dest:Fall|Dest:Fall|
-----------------------------------+---------+---------+---------+---------+
fpga_0_DDR2_SDRAM_DDR2_DQS_n_pin<0>|         |    1.802|         |    1.826|
fpga_0_DDR2_SDRAM_DDR2_DQS_pin<0>  |         |    1.802|         |    1.826|
-----------------------------------+---------+---------+---------+---------+

Clock to Setup on destination clock fpga_0_DDR2_SDRAM_DDR2_DQS_n_pin<1>
-----------------------------------+---------+---------+---------+---------+
                                   | Src:Rise| Src:Fall| Src:Rise| Src:Fall|
Source Clock                       |Dest:Rise|Dest:Rise|Dest:Fall|Dest:Fall|
-----------------------------------+---------+---------+---------+---------+
fpga_0_DDR2_SDRAM_DDR2_DQS_n_pin<1>|         |    1.772|         |    1.796|
fpga_0_DDR2_SDRAM_DDR2_DQS_pin<1>  |         |    1.772|         |    1.796|
-----------------------------------+---------+---------+---------+---------+

Clock to Setup on destination clock fpga_0_DDR2_SDRAM_DDR2_DQS_n_pin<2>
-----------------------------------+---------+---------+---------+---------+
                                   | Src:Rise| Src:Fall| Src:Rise| Src:Fall|
Source Clock                       |Dest:Rise|Dest:Rise|Dest:Fall|Dest:Fall|
-----------------------------------+---------+---------+---------+---------+
fpga_0_DDR2_SDRAM_DDR2_DQS_n_pin<2>|         |    1.809|         |    1.833|
fpga_0_DDR2_SDRAM_DDR2_DQS_pin<2>  |         |    1.809|         |    1.833|
-----------------------------------+---------+---------+---------+---------+

Clock to Setup on destination clock fpga_0_DDR2_SDRAM_DDR2_DQS_n_pin<3>
-----------------------------------+---------+---------+---------+---------+
                                   | Src:Rise| Src:Fall| Src:Rise| Src:Fall|
Source Clock                       |Dest:Rise|Dest:Rise|Dest:Fall|Dest:Fall|
-----------------------------------+---------+---------+---------+---------+
fpga_0_DDR2_SDRAM_DDR2_DQS_n_pin<3>|         |    1.772|         |    1.796|
fpga_0_DDR2_SDRAM_DDR2_DQS_pin<3>  |         |    1.772|         |    1.796|
-----------------------------------+---------+---------+---------+---------+

Clock to Setup on destination clock fpga_0_DDR2_SDRAM_DDR2_DQS_n_pin<4>
-----------------------------------+---------+---------+---------+---------+
                                   | Src:Rise| Src:Fall| Src:Rise| Src:Fall|
Source Clock                       |Dest:Rise|Dest:Rise|Dest:Fall|Dest:Fall|
-----------------------------------+---------+---------+---------+---------+
fpga_0_DDR2_SDRAM_DDR2_DQS_n_pin<4>|         |    1.823|         |    1.847|
fpga_0_DDR2_SDRAM_DDR2_DQS_pin<4>  |         |    1.823|         |    1.847|
-----------------------------------+---------+---------+---------+---------+

Clock to Setup on destination clock fpga_0_DDR2_SDRAM_DDR2_DQS_n_pin<5>
-----------------------------------+---------+---------+---------+---------+
                                   | Src:Rise| Src:Fall| Src:Rise| Src:Fall|
Source Clock                       |Dest:Rise|Dest:Rise|Dest:Fall|Dest:Fall|
-----------------------------------+---------+---------+---------+---------+
fpga_0_DDR2_SDRAM_DDR2_DQS_n_pin<5>|         |    1.838|         |    1.862|
fpga_0_DDR2_SDRAM_DDR2_DQS_pin<5>  |         |    1.838|         |    1.862|
-----------------------------------+---------+---------+---------+---------+

Clock to Setup on destination clock fpga_0_DDR2_SDRAM_DDR2_DQS_n_pin<6>
-----------------------------------+---------+---------+---------+---------+
                                   | Src:Rise| Src:Fall| Src:Rise| Src:Fall|
Source Clock                       |Dest:Rise|Dest:Rise|Dest:Fall|Dest:Fall|
-----------------------------------+---------+---------+---------+---------+
fpga_0_DDR2_SDRAM_DDR2_DQS_n_pin<6>|         |    1.792|         |    1.816|
fpga_0_DDR2_SDRAM_DDR2_DQS_pin<6>  |         |    1.792|         |    1.816|
-----------------------------------+---------+---------+---------+---------+

Clock to Setup on destination clock fpga_0_DDR2_SDRAM_DDR2_DQS_n_pin<7>
-----------------------------------+---------+---------+---------+---------+
                                   | Src:Rise| Src:Fall| Src:Rise| Src:Fall|
Source Clock                       |Dest:Rise|Dest:Rise|Dest:Fall|Dest:Fall|
-----------------------------------+---------+---------+---------+---------+
fpga_0_DDR2_SDRAM_DDR2_DQS_n_pin<7>|         |    1.817|         |    1.841|
fpga_0_DDR2_SDRAM_DDR2_DQS_pin<7>  |         |    1.817|         |    1.841|
-----------------------------------+---------+---------+---------+---------+

Clock to Setup on destination clock fpga_0_DDR2_SDRAM_DDR2_DQS_pin<0>
-----------------------------------+---------+---------+---------+---------+
                                   | Src:Rise| Src:Fall| Src:Rise| Src:Fall|
Source Clock                       |Dest:Rise|Dest:Rise|Dest:Fall|Dest:Fall|
-----------------------------------+---------+---------+---------+---------+
fpga_0_DDR2_SDRAM_DDR2_DQS_n_pin<0>|         |    1.802|         |    1.826|
fpga_0_DDR2_SDRAM_DDR2_DQS_pin<0>  |         |    1.802|         |    1.826|
-----------------------------------+---------+---------+---------+---------+

Clock to Setup on destination clock fpga_0_DDR2_SDRAM_DDR2_DQS_pin<1>
-----------------------------------+---------+---------+---------+---------+
                                   | Src:Rise| Src:Fall| Src:Rise| Src:Fall|
Source Clock                       |Dest:Rise|Dest:Rise|Dest:Fall|Dest:Fall|
-----------------------------------+---------+---------+---------+---------+
fpga_0_DDR2_SDRAM_DDR2_DQS_n_pin<1>|         |    1.772|         |    1.796|
fpga_0_DDR2_SDRAM_DDR2_DQS_pin<1>  |         |    1.772|         |    1.796|
-----------------------------------+---------+---------+---------+---------+

Clock to Setup on destination clock fpga_0_DDR2_SDRAM_DDR2_DQS_pin<2>
-----------------------------------+---------+---------+---------+---------+
                                   | Src:Rise| Src:Fall| Src:Rise| Src:Fall|
Source Clock                       |Dest:Rise|Dest:Rise|Dest:Fall|Dest:Fall|
-----------------------------------+---------+---------+---------+---------+
fpga_0_DDR2_SDRAM_DDR2_DQS_n_pin<2>|         |    1.809|         |    1.833|
fpga_0_DDR2_SDRAM_DDR2_DQS_pin<2>  |         |    1.809|         |    1.833|
-----------------------------------+---------+---------+---------+---------+

Clock to Setup on destination clock fpga_0_DDR2_SDRAM_DDR2_DQS_pin<3>
-----------------------------------+---------+---------+---------+---------+
                                   | Src:Rise| Src:Fall| Src:Rise| Src:Fall|
Source Clock                       |Dest:Rise|Dest:Rise|Dest:Fall|Dest:Fall|
-----------------------------------+---------+---------+---------+---------+
fpga_0_DDR2_SDRAM_DDR2_DQS_n_pin<3>|         |    1.772|         |    1.796|
fpga_0_DDR2_SDRAM_DDR2_DQS_pin<3>  |         |    1.772|         |    1.796|
-----------------------------------+---------+---------+---------+---------+

Clock to Setup on destination clock fpga_0_DDR2_SDRAM_DDR2_DQS_pin<4>
-----------------------------------+---------+---------+---------+---------+
                                   | Src:Rise| Src:Fall| Src:Rise| Src:Fall|
Source Clock                       |Dest:Rise|Dest:Rise|Dest:Fall|Dest:Fall|
-----------------------------------+---------+---------+---------+---------+
fpga_0_DDR2_SDRAM_DDR2_DQS_n_pin<4>|         |    1.823|         |    1.847|
fpga_0_DDR2_SDRAM_DDR2_DQS_pin<4>  |         |    1.823|         |    1.847|
-----------------------------------+---------+---------+---------+---------+

Clock to Setup on destination clock fpga_0_DDR2_SDRAM_DDR2_DQS_pin<5>
-----------------------------------+---------+---------+---------+---------+
                                   | Src:Rise| Src:Fall| Src:Rise| Src:Fall|
Source Clock                       |Dest:Rise|Dest:Rise|Dest:Fall|Dest:Fall|
-----------------------------------+---------+---------+---------+---------+
fpga_0_DDR2_SDRAM_DDR2_DQS_n_pin<5>|         |    1.838|         |    1.862|
fpga_0_DDR2_SDRAM_DDR2_DQS_pin<5>  |         |    1.838|         |    1.862|
-----------------------------------+---------+---------+---------+---------+

Clock to Setup on destination clock fpga_0_DDR2_SDRAM_DDR2_DQS_pin<6>
-----------------------------------+---------+---------+---------+---------+
                                   | Src:Rise| Src:Fall| Src:Rise| Src:Fall|
Source Clock                       |Dest:Rise|Dest:Rise|Dest:Fall|Dest:Fall|
-----------------------------------+---------+---------+---------+---------+
fpga_0_DDR2_SDRAM_DDR2_DQS_n_pin<6>|         |    1.792|         |    1.816|
fpga_0_DDR2_SDRAM_DDR2_DQS_pin<6>  |         |    1.792|         |    1.816|
-----------------------------------+---------+---------+---------+---------+

Clock to Setup on destination clock fpga_0_DDR2_SDRAM_DDR2_DQS_pin<7>
-----------------------------------+---------+---------+---------+---------+
                                   | Src:Rise| Src:Fall| Src:Rise| Src:Fall|
Source Clock                       |Dest:Rise|Dest:Rise|Dest:Fall|Dest:Fall|
-----------------------------------+---------+---------+---------+---------+
fpga_0_DDR2_SDRAM_DDR2_DQS_n_pin<7>|         |    1.817|         |    1.841|
fpga_0_DDR2_SDRAM_DDR2_DQS_pin<7>  |         |    1.817|         |    1.841|
-----------------------------------+---------+---------+---------+---------+

Clock to Setup on destination clock fpga_0_clk_1_sys_clk_pin
------------------------+---------+---------+---------+---------+
                        | Src:Rise| Src:Fall| Src:Rise| Src:Fall|
Source Clock            |Dest:Rise|Dest:Rise|Dest:Fall|Dest:Fall|
------------------------+---------+---------+---------+---------+
fpga_0_clk_1_sys_clk_pin|    9.220|    3.335|    6.092|    4.412|
------------------------+---------+---------+---------+---------+


Timing summary:
---------------

Timing errors: 112  Score: 44980  (Setup/Max: 44980, Hold: 0)

Constraints cover 709371 paths, 16 nets, and 47975 connections

Design statistics:
   Minimum period:  15.380ns   (Maximum frequency:  65.020MHz)
   Maximum path delay from/to any node:   4.747ns
   Maximum net delay:   0.838ns


Analysis completed Wed Nov 29 18:40:14 2017 
--------------------------------------------------------------------------------

Trace Settings:
-------------------------
Trace Settings 

Peak Memory Usage: 560 MB



