--------------------------------------------------------------------------------
Release 14.6 Trace  (nt64)
Copyright (c) 1995-2013 Xilinx, Inc.  All rights reserved.

C:\Xilinx\14.6\ISE_DS\ISE\bin\nt64\unwrapped\trce.exe -e 3 -xml system.twx
system.ncd system.pcf

Design file:              system.ncd
Physical constraint file: system.pcf
Device,package,speed:     xc5vlx50t,ff1136,-1 (PRODUCTION 1.73 2013-06-08, STEPPING level 0)
Report level:             error report

Environment Variable      Effect 
--------------------      ------ 
NONE                      No environment variables were set
--------------------------------------------------------------------------------

INFO:Timing:2802 - Read 104 constraints.  If you are experiencing memory or 
   runtime issues it may help to consolidate some of these constraints.  For 
   more details please do a search for "timing:2802" at 
   http://www.xilinx.com/support.
INFO:Timing:3386 - Intersecting Constraints found and resolved.  For more 
   information, see the TSI report.  Please consult the Xilinx Command Line 
   Tools User Guide for information on generating a TSI report.
INFO:Timing:3412 - To improve timing, see the Timing Closure User Guide (UG612).
INFO:Timing:2752 - To get complete path coverage, use the unconstrained paths 
   option. All paths that are not constrained will be reported in the 
   unconstrained paths section(s) of the report.
INFO:Timing:3339 - The clock-to-out numbers in this timing report are based on 
   a 50 Ohm transmission line loading model.  For the details of this model, 
   and for more information on accounting for different loading conditions, 
   please see the device datasheet.

================================================================================
Timing constraint: NET         
"DDR2_SDRAM/DDR2_SDRAM/VFBC1_INST.vfbc/VFBC1_PIM_NGC/UVFBC/
GEN_CMD_FIFOS[0].UCmdFifo/ConsObjPtr<2>"         MAXDELAY = 2 ns;

 1 net analyzed, 0 failing nets detected.
 0 timing errors detected.
 Maximum net delay is   0.944ns.
--------------------------------------------------------------------------------

================================================================================
Timing constraint: NET         
"DDR2_SDRAM/DDR2_SDRAM/VFBC1_INST.vfbc/VFBC1_PIM_NGC/UVFBC/
GEN_CMD_FIFOS[0].UCmdFifo/ConsObjPtr<3>"         MAXDELAY = 2 ns;

 1 net analyzed, 0 failing nets detected.
 0 timing errors detected.
 Maximum net delay is   0.940ns.
--------------------------------------------------------------------------------

================================================================================
Timing constraint: NET         
"DDR2_SDRAM/DDR2_SDRAM/VFBC2_INST.vfbc/VFBC1_PIM_NGC/UVFBC/
GEN_CMD_FIFOS[0].UCmdFifo/ConsObjPtr<2>"         MAXDELAY = 2 ns;

 1 net analyzed, 0 failing nets detected.
 0 timing errors detected.
 Maximum net delay is   0.620ns.
--------------------------------------------------------------------------------

================================================================================
Timing constraint: NET         
"DDR2_SDRAM/DDR2_SDRAM/VFBC2_INST.vfbc/VFBC1_PIM_NGC/UVFBC/
GEN_CMD_FIFOS[0].UCmdFifo/ConsObjPtr<3>"         MAXDELAY = 2 ns;

 1 net analyzed, 0 failing nets detected.
 0 timing errors detected.
 Maximum net delay is   0.851ns.
--------------------------------------------------------------------------------

================================================================================
Timing constraint: NET         
"DDR2_SDRAM/DDR2_SDRAM/VFBC3_INST.vfbc/VFBC1_PIM_NGC/UVFBC/
GEN_CMD_FIFOS[0].UCmdFifo/ConsObjPtr<2>"         MAXDELAY = 2 ns;

 1 net analyzed, 0 failing nets detected.
 0 timing errors detected.
 Maximum net delay is   0.811ns.
--------------------------------------------------------------------------------

================================================================================
Timing constraint: NET         
"DDR2_SDRAM/DDR2_SDRAM/VFBC3_INST.vfbc/VFBC1_PIM_NGC/UVFBC/
GEN_CMD_FIFOS[0].UCmdFifo/ConsObjPtr<3>"         MAXDELAY = 2 ns;

 1 net analyzed, 0 failing nets detected.
 0 timing errors detected.
 Maximum net delay is   0.703ns.
--------------------------------------------------------------------------------

================================================================================
Timing constraint: NET         
"DDR2_SDRAM/DDR2_SDRAM/VFBC1_INST.vfbc/VFBC1_PIM_NGC/UVFBC/
GEN_RDDATA_FIFOS[0].GEN_RDDATA_PORT_ENABLE.URdDataFifo/ProdObjPtr<4>"         
MAXDELAY = 2 ns;

 1 net analyzed, 0 failing nets detected.
 0 timing errors detected.
 Maximum net delay is   0.905ns.
--------------------------------------------------------------------------------

================================================================================
Timing constraint: NET         
"DDR2_SDRAM/DDR2_SDRAM/VFBC1_INST.vfbc/VFBC1_PIM_NGC/UVFBC/
GEN_RDDATA_FIFOS[0].GEN_RDDATA_PORT_ENABLE.URdDataFifo/ProdObjPtr<1>"         
MAXDELAY = 2 ns;

 1 net analyzed, 0 failing nets detected.
 0 timing errors detected.
 Maximum net delay is   0.726ns.
--------------------------------------------------------------------------------

================================================================================
Timing constraint: NET         
"DDR2_SDRAM/DDR2_SDRAM/VFBC2_INST.vfbc/VFBC1_PIM_NGC/UVFBC/
GEN_RDDATA_FIFOS[0].GEN_RDDATA_PORT_ENABLE.URdDataFifo/ProdObjPtr<2>"         
MAXDELAY = 2 ns;

 1 net analyzed, 0 failing nets detected.
 0 timing errors detected.
 Maximum net delay is   0.559ns.
--------------------------------------------------------------------------------

================================================================================
Timing constraint: NET         
"DDR2_SDRAM/DDR2_SDRAM/VFBC2_INST.vfbc/VFBC1_PIM_NGC/UVFBC/
GEN_RDDATA_FIFOS[0].GEN_RDDATA_PORT_ENABLE.URdDataFifo/ProdObjPtr<3>"         
MAXDELAY = 2 ns;

 1 net analyzed, 0 failing nets detected.
 0 timing errors detected.
 Maximum net delay is   0.571ns.
--------------------------------------------------------------------------------

================================================================================
Timing constraint: NET         
"DDR2_SDRAM/DDR2_SDRAM/VFBC3_INST.vfbc/VFBC1_PIM_NGC/UVFBC/
GEN_RDDATA_FIFOS[0].GEN_RDDATA_PORT_ENABLE.URdDataFifo/ProdObjPtr<2>"         
MAXDELAY = 2 ns;

 1 net analyzed, 0 failing nets detected.
 0 timing errors detected.
 Maximum net delay is   0.558ns.
--------------------------------------------------------------------------------

================================================================================
Timing constraint: NET         
"DDR2_SDRAM/DDR2_SDRAM/VFBC3_INST.vfbc/VFBC1_PIM_NGC/UVFBC/
GEN_RDDATA_FIFOS[0].GEN_RDDATA_PORT_ENABLE.URdDataFifo/ProdObjPtr<3>"         
MAXDELAY = 2 ns;

 1 net analyzed, 0 failing nets detected.
 0 timing errors detected.
 Maximum net delay is   0.687ns.
--------------------------------------------------------------------------------

================================================================================
Timing constraint: NET         
"DDR2_SDRAM/DDR2_SDRAM/VFBC1_INST.vfbc/VFBC1_PIM_NGC/UVFBC/
GEN_CMD_FIFOS[0].UCmdFifo/ProdObjPtr<3>"         MAXDELAY = 2 ns;

 1 net analyzed, 0 failing nets detected.
 0 timing errors detected.
 Maximum net delay is   0.795ns.
--------------------------------------------------------------------------------

================================================================================
Timing constraint: NET         
"DDR2_SDRAM/DDR2_SDRAM/VFBC1_INST.vfbc/VFBC1_PIM_NGC/UVFBC/
GEN_CMD_FIFOS[0].UCmdFifo/ProdObjPtr<2>"         MAXDELAY = 2 ns;

 1 net analyzed, 0 failing nets detected.
 0 timing errors detected.
 Maximum net delay is   0.721ns.
--------------------------------------------------------------------------------

================================================================================
Timing constraint: NET         
"DDR2_SDRAM/DDR2_SDRAM/VFBC2_INST.vfbc/VFBC1_PIM_NGC/UVFBC/
GEN_CMD_FIFOS[0].UCmdFifo/ProdObjPtr<3>"         MAXDELAY = 2 ns;

 1 net analyzed, 0 failing nets detected.
 0 timing errors detected.
 Maximum net delay is   0.635ns.
--------------------------------------------------------------------------------

================================================================================
Timing constraint: NET         
"DDR2_SDRAM/DDR2_SDRAM/VFBC2_INST.vfbc/VFBC1_PIM_NGC/UVFBC/
GEN_CMD_FIFOS[0].UCmdFifo/ProdObjPtr<2>"         MAXDELAY = 2 ns;

 1 net analyzed, 0 failing nets detected.
 0 timing errors detected.
 Maximum net delay is   0.823ns.
--------------------------------------------------------------------------------

================================================================================
Timing constraint: NET         
"DDR2_SDRAM/DDR2_SDRAM/VFBC3_INST.vfbc/VFBC1_PIM_NGC/UVFBC/
GEN_CMD_FIFOS[0].UCmdFifo/ProdObjPtr<3>"         MAXDELAY = 2 ns;

 1 net analyzed, 0 failing nets detected.
 0 timing errors detected.
 Maximum net delay is   0.315ns.
--------------------------------------------------------------------------------

================================================================================
Timing constraint: NET         
"DDR2_SDRAM/DDR2_SDRAM/VFBC3_INST.vfbc/VFBC1_PIM_NGC/UVFBC/
GEN_CMD_FIFOS[0].UCmdFifo/ProdObjPtr<2>"         MAXDELAY = 2 ns;

 1 net analyzed, 0 failing nets detected.
 0 timing errors detected.
 Maximum net delay is   0.814ns.
--------------------------------------------------------------------------------

================================================================================
Timing constraint: NET         
"DDR2_SDRAM/DDR2_SDRAM/VFBC2_INST.vfbc/VFBC1_PIM_NGC/UVFBC/
GEN_WRDATA_FIFOS[1].GEN_WRDATA_PORT_ENABLE.UWrDataFifo/ProdObjPtr<3>"         
MAXDELAY = 2 ns;

 1 net analyzed, 0 failing nets detected.
 0 timing errors detected.
 Maximum net delay is   0.560ns.
--------------------------------------------------------------------------------

================================================================================
Timing constraint: NET         
"DDR2_SDRAM/DDR2_SDRAM/VFBC2_INST.vfbc/VFBC1_PIM_NGC/UVFBC/
GEN_WRDATA_FIFOS[1].GEN_WRDATA_PORT_ENABLE.UWrDataFifo/ProdObjPtr<2>"         
MAXDELAY = 2 ns;

 1 net analyzed, 0 failing nets detected.
 0 timing errors detected.
 Maximum net delay is   0.495ns.
--------------------------------------------------------------------------------

================================================================================
Timing constraint: NET         
"DDR2_SDRAM/DDR2_SDRAM/VFBC3_INST.vfbc/VFBC1_PIM_NGC/UVFBC/
GEN_WRDATA_FIFOS[1].GEN_WRDATA_PORT_ENABLE.UWrDataFifo/ProdObjPtr<3>"         
MAXDELAY = 2 ns;

 1 net analyzed, 0 failing nets detected.
 0 timing errors detected.
 Maximum net delay is   0.510ns.
--------------------------------------------------------------------------------

================================================================================
Timing constraint: NET         
"DDR2_SDRAM/DDR2_SDRAM/VFBC3_INST.vfbc/VFBC1_PIM_NGC/UVFBC/
GEN_WRDATA_FIFOS[1].GEN_WRDATA_PORT_ENABLE.UWrDataFifo/ProdObjPtr<2>"         
MAXDELAY = 2 ns;

 1 net analyzed, 0 failing nets detected.
 0 timing errors detected.
 Maximum net delay is   0.485ns.
--------------------------------------------------------------------------------

================================================================================
Timing constraint: NET         
"DDR2_SDRAM/DDR2_SDRAM/VFBC1_INST.vfbc/VFBC1_PIM_NGC/UVFBC/
GEN_WRDATA_FIFOS[1].GEN_WRDATA_PORT_ENABLE.UWrDataFifo/ConsObjPtr<1>"         
MAXDELAY = 2 ns;

 1 net analyzed, 0 failing nets detected.
 0 timing errors detected.
 Maximum net delay is   0.594ns.
--------------------------------------------------------------------------------

================================================================================
Timing constraint: NET         
"DDR2_SDRAM/DDR2_SDRAM/VFBC1_INST.vfbc/VFBC1_PIM_NGC/UVFBC/
GEN_WRDATA_FIFOS[1].GEN_WRDATA_PORT_ENABLE.UWrDataFifo/ConsObjPtr<4>"         
MAXDELAY = 2 ns;

 1 net analyzed, 0 failing nets detected.
 0 timing errors detected.
 Maximum net delay is   0.574ns.
--------------------------------------------------------------------------------

================================================================================
Timing constraint: NET         
"DDR2_SDRAM/DDR2_SDRAM/VFBC1_INST.vfbc/VFBC1_PIM_NGC/UVFBC/
GEN_RDDATA_FIFOS[0].GEN_RDDATA_PORT_ENABLE.URdDataFifo/ConsObjPtr<0>"         
MAXDELAY = 2 ns;

 1 net analyzed, 0 failing nets detected.
 0 timing errors detected.
 Maximum net delay is   0.756ns.
--------------------------------------------------------------------------------

================================================================================
Timing constraint: NET         
"DDR2_SDRAM/DDR2_SDRAM/VFBC1_INST.vfbc/VFBC1_PIM_NGC/UVFBC/
GEN_RDDATA_FIFOS[0].GEN_RDDATA_PORT_ENABLE.URdDataFifo/ConsObjPtr<1>"         
MAXDELAY = 2 ns;

 1 net analyzed, 0 failing nets detected.
 0 timing errors detected.
 Maximum net delay is   0.539ns.
--------------------------------------------------------------------------------

================================================================================
Timing constraint: NET         
"DDR2_SDRAM/DDR2_SDRAM/VFBC2_INST.vfbc/VFBC1_PIM_NGC/UVFBC/
GEN_WRDATA_FIFOS[1].GEN_WRDATA_PORT_ENABLE.UWrDataFifo/ConsObjPtr<2>"         
MAXDELAY = 2 ns;

 1 net analyzed, 0 failing nets detected.
 0 timing errors detected.
 Maximum net delay is   0.696ns.
--------------------------------------------------------------------------------

================================================================================
Timing constraint: NET         
"DDR2_SDRAM/DDR2_SDRAM/VFBC2_INST.vfbc/VFBC1_PIM_NGC/UVFBC/
GEN_WRDATA_FIFOS[1].GEN_WRDATA_PORT_ENABLE.UWrDataFifo/ConsObjPtr<3>"         
MAXDELAY = 2 ns;

 1 net analyzed, 0 failing nets detected.
 0 timing errors detected.
 Maximum net delay is   0.844ns.
--------------------------------------------------------------------------------

================================================================================
Timing constraint: NET         
"DDR2_SDRAM/DDR2_SDRAM/VFBC3_INST.vfbc/VFBC1_PIM_NGC/UVFBC/
GEN_WRDATA_FIFOS[1].GEN_WRDATA_PORT_ENABLE.UWrDataFifo/ConsObjPtr<2>"         
MAXDELAY = 2 ns;

 1 net analyzed, 0 failing nets detected.
 0 timing errors detected.
 Maximum net delay is   0.979ns.
--------------------------------------------------------------------------------

================================================================================
Timing constraint: NET         
"DDR2_SDRAM/DDR2_SDRAM/VFBC3_INST.vfbc/VFBC1_PIM_NGC/UVFBC/
GEN_WRDATA_FIFOS[1].GEN_WRDATA_PORT_ENABLE.UWrDataFifo/ConsObjPtr<3>"         
MAXDELAY = 2 ns;

 1 net analyzed, 0 failing nets detected.
 0 timing errors detected.
 Maximum net delay is   0.717ns.
--------------------------------------------------------------------------------

================================================================================
Timing constraint: NET         
"DDR2_SDRAM/DDR2_SDRAM/VFBC1_INST.vfbc/VFBC1_PIM_NGC/UVFBC/
GEN_RDDATA_FIFOS[0].GEN_RDDATA_PORT_ENABLE.URdDataFifo/ConsObjPtr<2>"         
MAXDELAY = 2 ns;

 1 net analyzed, 0 failing nets detected.
 0 timing errors detected.
 Maximum net delay is   0.608ns.
--------------------------------------------------------------------------------

================================================================================
Timing constraint: NET         
"DDR2_SDRAM/DDR2_SDRAM/VFBC1_INST.vfbc/VFBC1_PIM_NGC/UVFBC/
GEN_RDDATA_FIFOS[0].GEN_RDDATA_PORT_ENABLE.URdDataFifo/ConsObjPtr<3>"         
MAXDELAY = 2 ns;

 1 net analyzed, 0 failing nets detected.
 0 timing errors detected.
 Maximum net delay is   0.866ns.
--------------------------------------------------------------------------------

================================================================================
Timing constraint: NET         
"DDR2_SDRAM/DDR2_SDRAM/VFBC1_INST.vfbc/VFBC1_PIM_NGC/UVFBC/
GEN_RDDATA_FIFOS[0].GEN_RDDATA_PORT_ENABLE.URdDataFifo/ConsObjPtr<4>"         
MAXDELAY = 2 ns;

 1 net analyzed, 0 failing nets detected.
 0 timing errors detected.
 Maximum net delay is   0.604ns.
--------------------------------------------------------------------------------

================================================================================
Timing constraint: NET         
"DDR2_SDRAM/DDR2_SDRAM/VFBC1_INST.vfbc/VFBC1_PIM_NGC/UVFBC/
GEN_RDDATA_FIFOS[0].GEN_RDDATA_PORT_ENABLE.URdDataFifo/ProdObjPtr<2>"         
MAXDELAY = 2 ns;

 1 net analyzed, 0 failing nets detected.
 0 timing errors detected.
 Maximum net delay is   0.780ns.
--------------------------------------------------------------------------------

================================================================================
Timing constraint: NET         
"DDR2_SDRAM/DDR2_SDRAM/VFBC1_INST.vfbc/VFBC1_PIM_NGC/UVFBC/
GEN_RDDATA_FIFOS[0].GEN_RDDATA_PORT_ENABLE.URdDataFifo/ProdObjPtr<3>"         
MAXDELAY = 2 ns;

 1 net analyzed, 0 failing nets detected.
 0 timing errors detected.
 Maximum net delay is   0.561ns.
--------------------------------------------------------------------------------

================================================================================
Timing constraint: NET         
"DDR2_SDRAM/DDR2_SDRAM/VFBC1_INST.vfbc/VFBC1_PIM_NGC/UVFBC/
GEN_RDDATA_FIFOS[0].GEN_RDDATA_PORT_ENABLE.URdDataFifo/ProdObjPtr<0>"         
MAXDELAY = 2 ns;

 1 net analyzed, 0 failing nets detected.
 0 timing errors detected.
 Maximum net delay is   0.880ns.
--------------------------------------------------------------------------------

================================================================================
Timing constraint: NET         
"DDR2_SDRAM/DDR2_SDRAM/VFBC1_INST.vfbc/VFBC1_PIM_NGC/UVFBC/
GEN_WRDATA_FIFOS[1].GEN_WRDATA_PORT_ENABLE.UWrDataFifo/ConsObjPtr<0>"         
MAXDELAY = 2 ns;

 1 net analyzed, 0 failing nets detected.
 0 timing errors detected.
 Maximum net delay is   0.474ns.
--------------------------------------------------------------------------------

================================================================================
Timing constraint: NET         
"DDR2_SDRAM/DDR2_SDRAM/VFBC1_INST.vfbc/VFBC1_PIM_NGC/UVFBC/
GEN_WRDATA_FIFOS[1].GEN_WRDATA_PORT_ENABLE.UWrDataFifo/ConsObjPtr<2>"         
MAXDELAY = 2 ns;

 1 net analyzed, 0 failing nets detected.
 0 timing errors detected.
 Maximum net delay is   0.510ns.
--------------------------------------------------------------------------------

================================================================================
Timing constraint: NET         
"DDR2_SDRAM/DDR2_SDRAM/VFBC1_INST.vfbc/VFBC1_PIM_NGC/UVFBC/
GEN_WRDATA_FIFOS[1].GEN_WRDATA_PORT_ENABLE.UWrDataFifo/ConsObjPtr<3>"         
MAXDELAY = 2 ns;

 1 net analyzed, 0 failing nets detected.
 0 timing errors detected.
 Maximum net delay is   0.385ns.
--------------------------------------------------------------------------------

================================================================================
Timing constraint: NET         
"DDR2_SDRAM/DDR2_SDRAM/VFBC1_INST.vfbc/VFBC1_PIM_NGC/UVFBC/
GEN_CMD_FIFOS[0].UCmdFifo/ProdObjPtr<0>"         MAXDELAY = 2 ns;

 1 net analyzed, 0 failing nets detected.
 0 timing errors detected.
 Maximum net delay is   0.597ns.
--------------------------------------------------------------------------------

================================================================================
Timing constraint: NET         
"DDR2_SDRAM/DDR2_SDRAM/VFBC1_INST.vfbc/VFBC1_PIM_NGC/UVFBC/
GEN_CMD_FIFOS[0].UCmdFifo/ProdObjPtr<1>"         MAXDELAY = 2 ns;

 1 net analyzed, 0 failing nets detected.
 0 timing errors detected.
 Maximum net delay is   0.647ns.
--------------------------------------------------------------------------------

================================================================================
Timing constraint: NET         
"DDR2_SDRAM/DDR2_SDRAM/VFBC2_INST.vfbc/VFBC1_PIM_NGC/UVFBC/
GEN_CMD_FIFOS[0].UCmdFifo/ProdObjPtr<0>"         MAXDELAY = 2 ns;

 1 net analyzed, 0 failing nets detected.
 0 timing errors detected.
 Maximum net delay is   0.494ns.
--------------------------------------------------------------------------------

================================================================================
Timing constraint: NET         
"DDR2_SDRAM/DDR2_SDRAM/VFBC2_INST.vfbc/VFBC1_PIM_NGC/UVFBC/
GEN_CMD_FIFOS[0].UCmdFifo/ProdObjPtr<1>"         MAXDELAY = 2 ns;

 1 net analyzed, 0 failing nets detected.
 0 timing errors detected.
 Maximum net delay is   0.486ns.
--------------------------------------------------------------------------------

================================================================================
Timing constraint: NET         
"DDR2_SDRAM/DDR2_SDRAM/VFBC3_INST.vfbc/VFBC1_PIM_NGC/UVFBC/
GEN_CMD_FIFOS[0].UCmdFifo/ProdObjPtr<0>"         MAXDELAY = 2 ns;

 1 net analyzed, 0 failing nets detected.
 0 timing errors detected.
 Maximum net delay is   0.530ns.
--------------------------------------------------------------------------------

================================================================================
Timing constraint: NET         
"DDR2_SDRAM/DDR2_SDRAM/VFBC3_INST.vfbc/VFBC1_PIM_NGC/UVFBC/
GEN_CMD_FIFOS[0].UCmdFifo/ProdObjPtr<1>"         MAXDELAY = 2 ns;

 1 net analyzed, 0 failing nets detected.
 0 timing errors detected.
 Maximum net delay is   0.629ns.
--------------------------------------------------------------------------------

================================================================================
Timing constraint: NET         
"DDR2_SDRAM/DDR2_SDRAM/VFBC2_INST.vfbc/VFBC1_PIM_NGC/UVFBC/
GEN_RDDATA_FIFOS[0].GEN_RDDATA_PORT_ENABLE.URdDataFifo/ProdObjPtr<0>"         
MAXDELAY = 2 ns;

 1 net analyzed, 0 failing nets detected.
 0 timing errors detected.
 Maximum net delay is   0.368ns.
--------------------------------------------------------------------------------

================================================================================
Timing constraint: NET         
"DDR2_SDRAM/DDR2_SDRAM/VFBC2_INST.vfbc/VFBC1_PIM_NGC/UVFBC/
GEN_RDDATA_FIFOS[0].GEN_RDDATA_PORT_ENABLE.URdDataFifo/ProdObjPtr<1>"         
MAXDELAY = 2 ns;

 1 net analyzed, 0 failing nets detected.
 0 timing errors detected.
 Maximum net delay is   0.841ns.
--------------------------------------------------------------------------------

================================================================================
Timing constraint: NET         
"DDR2_SDRAM/DDR2_SDRAM/VFBC2_INST.vfbc/VFBC1_PIM_NGC/UVFBC/
GEN_WRDATA_FIFOS[1].GEN_WRDATA_PORT_ENABLE.UWrDataFifo/ConsObjPtr<0>"         
MAXDELAY = 2 ns;

 1 net analyzed, 0 failing nets detected.
 0 timing errors detected.
 Maximum net delay is   0.636ns.
--------------------------------------------------------------------------------

================================================================================
Timing constraint: NET         
"DDR2_SDRAM/DDR2_SDRAM/VFBC2_INST.vfbc/VFBC1_PIM_NGC/UVFBC/
GEN_WRDATA_FIFOS[1].GEN_WRDATA_PORT_ENABLE.UWrDataFifo/ConsObjPtr<1>"         
MAXDELAY = 2 ns;

 1 net analyzed, 0 failing nets detected.
 0 timing errors detected.
 Maximum net delay is   0.552ns.
--------------------------------------------------------------------------------

================================================================================
Timing constraint: NET         
"DDR2_SDRAM/DDR2_SDRAM/VFBC2_INST.vfbc/VFBC1_PIM_NGC/UVFBC/
GEN_WRDATA_FIFOS[1].GEN_WRDATA_PORT_ENABLE.UWrDataFifo/ProdObjPtr<0>"         
MAXDELAY = 2 ns;

 1 net analyzed, 0 failing nets detected.
 0 timing errors detected.
 Maximum net delay is   0.743ns.
--------------------------------------------------------------------------------

================================================================================
Timing constraint: NET         
"DDR2_SDRAM/DDR2_SDRAM/VFBC2_INST.vfbc/VFBC1_PIM_NGC/UVFBC/
GEN_WRDATA_FIFOS[1].GEN_WRDATA_PORT_ENABLE.UWrDataFifo/ProdObjPtr<1>"         
MAXDELAY = 2 ns;

 1 net analyzed, 0 failing nets detected.
 0 timing errors detected.
 Maximum net delay is   0.386ns.
--------------------------------------------------------------------------------

================================================================================
Timing constraint: NET         
"DDR2_SDRAM/DDR2_SDRAM/VFBC3_INST.vfbc/VFBC1_PIM_NGC/UVFBC/
GEN_RDDATA_FIFOS[0].GEN_RDDATA_PORT_ENABLE.URdDataFifo/ProdObjPtr<0>"         
MAXDELAY = 2 ns;

 1 net analyzed, 0 failing nets detected.
 0 timing errors detected.
 Maximum net delay is   0.437ns.
--------------------------------------------------------------------------------

================================================================================
Timing constraint: NET         
"DDR2_SDRAM/DDR2_SDRAM/VFBC3_INST.vfbc/VFBC1_PIM_NGC/UVFBC/
GEN_RDDATA_FIFOS[0].GEN_RDDATA_PORT_ENABLE.URdDataFifo/ProdObjPtr<1>"         
MAXDELAY = 2 ns;

 1 net analyzed, 0 failing nets detected.
 0 timing errors detected.
 Maximum net delay is   0.378ns.
--------------------------------------------------------------------------------

================================================================================
Timing constraint: NET         
"DDR2_SDRAM/DDR2_SDRAM/VFBC3_INST.vfbc/VFBC1_PIM_NGC/UVFBC/
GEN_WRDATA_FIFOS[1].GEN_WRDATA_PORT_ENABLE.UWrDataFifo/ConsObjPtr<0>"         
MAXDELAY = 2 ns;

 1 net analyzed, 0 failing nets detected.
 0 timing errors detected.
 Maximum net delay is   0.487ns.
--------------------------------------------------------------------------------

================================================================================
Timing constraint: NET         
"DDR2_SDRAM/DDR2_SDRAM/VFBC3_INST.vfbc/VFBC1_PIM_NGC/UVFBC/
GEN_WRDATA_FIFOS[1].GEN_WRDATA_PORT_ENABLE.UWrDataFifo/ConsObjPtr<1>"         
MAXDELAY = 2 ns;

 1 net analyzed, 0 failing nets detected.
 0 timing errors detected.
 Maximum net delay is   0.604ns.
--------------------------------------------------------------------------------

================================================================================
Timing constraint: NET         
"DDR2_SDRAM/DDR2_SDRAM/VFBC3_INST.vfbc/VFBC1_PIM_NGC/UVFBC/
GEN_WRDATA_FIFOS[1].GEN_WRDATA_PORT_ENABLE.UWrDataFifo/ProdObjPtr<0>"         
MAXDELAY = 2 ns;

 1 net analyzed, 0 failing nets detected.
 0 timing errors detected.
 Maximum net delay is   0.326ns.
--------------------------------------------------------------------------------

================================================================================
Timing constraint: NET         
"DDR2_SDRAM/DDR2_SDRAM/VFBC3_INST.vfbc/VFBC1_PIM_NGC/UVFBC/
GEN_WRDATA_FIFOS[1].GEN_WRDATA_PORT_ENABLE.UWrDataFifo/ProdObjPtr<1>"         
MAXDELAY = 2 ns;

 1 net analyzed, 0 failing nets detected.
 0 timing errors detected.
 Maximum net delay is   0.527ns.
--------------------------------------------------------------------------------

================================================================================
Timing constraint: NET         
"DDR2_SDRAM/DDR2_SDRAM/VFBC1_INST.vfbc/VFBC1_PIM_NGC/UVFBC/
GEN_CMD_FIFOS[0].UCmdFifo/ConsObjPtr<0>"         MAXDELAY = 2 ns;

 1 net analyzed, 0 failing nets detected.
 0 timing errors detected.
 Maximum net delay is   0.591ns.
--------------------------------------------------------------------------------

================================================================================
Timing constraint: NET         
"DDR2_SDRAM/DDR2_SDRAM/VFBC1_INST.vfbc/VFBC1_PIM_NGC/UVFBC/
GEN_CMD_FIFOS[0].UCmdFifo/ConsObjPtr<1>"         MAXDELAY = 2 ns;

 1 net analyzed, 0 failing nets detected.
 0 timing errors detected.
 Maximum net delay is   0.756ns.
--------------------------------------------------------------------------------

================================================================================
Timing constraint: NET         
"DDR2_SDRAM/DDR2_SDRAM/VFBC2_INST.vfbc/VFBC1_PIM_NGC/UVFBC/
GEN_CMD_FIFOS[0].UCmdFifo/ConsObjPtr<0>"         MAXDELAY = 2 ns;

 1 net analyzed, 0 failing nets detected.
 0 timing errors detected.
 Maximum net delay is   0.633ns.
--------------------------------------------------------------------------------

================================================================================
Timing constraint: NET         
"DDR2_SDRAM/DDR2_SDRAM/VFBC2_INST.vfbc/VFBC1_PIM_NGC/UVFBC/
GEN_CMD_FIFOS[0].UCmdFifo/ConsObjPtr<1>"         MAXDELAY = 2 ns;

 1 net analyzed, 0 failing nets detected.
 0 timing errors detected.
 Maximum net delay is   0.602ns.
--------------------------------------------------------------------------------

================================================================================
Timing constraint: NET         
"DDR2_SDRAM/DDR2_SDRAM/VFBC3_INST.vfbc/VFBC1_PIM_NGC/UVFBC/
GEN_CMD_FIFOS[0].UCmdFifo/ConsObjPtr<0>"         MAXDELAY = 2 ns;

 1 net analyzed, 0 failing nets detected.
 0 timing errors detected.
 Maximum net delay is   0.593ns.
--------------------------------------------------------------------------------

================================================================================
Timing constraint: NET         
"DDR2_SDRAM/DDR2_SDRAM/VFBC3_INST.vfbc/VFBC1_PIM_NGC/UVFBC/
GEN_CMD_FIFOS[0].UCmdFifo/ConsObjPtr<1>"         MAXDELAY = 2 ns;

 1 net analyzed, 0 failing nets detected.
 0 timing errors detected.
 Maximum net delay is   0.454ns.
--------------------------------------------------------------------------------

================================================================================
Timing constraint: NET         
"DDR2_SDRAM/DDR2_SDRAM/VFBC1_INST.vfbc/VFBC1_PIM_NGC/UVFBC/
rdfifo_reset_or_flush<0>"         MAXDELAY = 2 ns;

 1 net analyzed, 0 failing nets detected.
 0 timing errors detected.
 Maximum net delay is   1.436ns.
--------------------------------------------------------------------------------

================================================================================
Timing constraint: NET 
"DDR2_SDRAM/DDR2_SDRAM/VFBC1_INST.vfbc/VFBC1_PIM_NGC/UVFBC/cmd_reset<0>"        
 MAXDELAY = 2 ns;

 1 net analyzed, 0 failing nets detected.
 0 timing errors detected.
 Maximum net delay is   1.347ns.
--------------------------------------------------------------------------------

================================================================================
Timing constraint: NET         
"DDR2_SDRAM/DDR2_SDRAM/VFBC1_INST.vfbc/VFBC1_PIM_NGC/UVFBC/
wrfifo_reset_or_flush<1>"         MAXDELAY = 2 ns;

 1 net analyzed, 0 failing nets detected.
 0 timing errors detected.
 Maximum net delay is   0.435ns.
--------------------------------------------------------------------------------

================================================================================
Timing constraint: NET         
"DDR2_SDRAM/DDR2_SDRAM/VFBC2_INST.vfbc/VFBC1_PIM_NGC/UVFBC/
rdfifo_reset_or_flush<0>"         MAXDELAY = 2 ns;

 1 net analyzed, 0 failing nets detected.
 0 timing errors detected.
 Maximum net delay is   0.839ns.
--------------------------------------------------------------------------------

================================================================================
Timing constraint: NET 
"DDR2_SDRAM/DDR2_SDRAM/VFBC2_INST.vfbc/VFBC1_PIM_NGC/UVFBC/cmd_reset<0>"        
 MAXDELAY = 2 ns;

 1 net analyzed, 0 failing nets detected.
 0 timing errors detected.
 Maximum net delay is   0.799ns.
--------------------------------------------------------------------------------

================================================================================
Timing constraint: NET         
"DDR2_SDRAM/DDR2_SDRAM/VFBC2_INST.vfbc/VFBC1_PIM_NGC/UVFBC/
wrfifo_reset_or_flush<1>"         MAXDELAY = 2 ns;

 1 net analyzed, 0 failing nets detected.
 0 timing errors detected.
 Maximum net delay is   1.365ns.
--------------------------------------------------------------------------------

================================================================================
Timing constraint: NET         
"DDR2_SDRAM/DDR2_SDRAM/VFBC3_INST.vfbc/VFBC1_PIM_NGC/UVFBC/
rdfifo_reset_or_flush<0>"         MAXDELAY = 2 ns;

 1 net analyzed, 0 failing nets detected.
 0 timing errors detected.
 Maximum net delay is   1.314ns.
--------------------------------------------------------------------------------

================================================================================
Timing constraint: NET 
"DDR2_SDRAM/DDR2_SDRAM/VFBC3_INST.vfbc/VFBC1_PIM_NGC/UVFBC/cmd_reset<0>"        
 MAXDELAY = 2 ns;

 1 net analyzed, 0 failing nets detected.
 0 timing errors detected.
 Maximum net delay is   0.630ns.
--------------------------------------------------------------------------------

================================================================================
Timing constraint: NET         
"DDR2_SDRAM/DDR2_SDRAM/VFBC3_INST.vfbc/VFBC1_PIM_NGC/UVFBC/
wrfifo_reset_or_flush<1>"         MAXDELAY = 2 ns;

 1 net analyzed, 0 failing nets detected.
 0 timing errors detected.
 Maximum net delay is   0.870ns.
--------------------------------------------------------------------------------

================================================================================
Timing constraint: NET         
"DDR2_SDRAM/DDR2_SDRAM/mpmc_core_0/gen_v5_ddr2_phy.mpmc_phy_if_0/u_phy_io_0/
en_dqs<7>"         MAXDELAY = 0.6 ns;

 1 net analyzed, 0 failing nets detected.
 0 timing errors detected.
 Maximum net delay is   0.522ns.
--------------------------------------------------------------------------------

================================================================================
Timing constraint: NET         
"DDR2_SDRAM/DDR2_SDRAM/mpmc_core_0/gen_v5_ddr2_phy.mpmc_phy_if_0/u_phy_io_0/
en_dqs<6>"         MAXDELAY = 0.6 ns;

 1 net analyzed, 0 failing nets detected.
 0 timing errors detected.
 Maximum net delay is   0.522ns.
--------------------------------------------------------------------------------

================================================================================
Timing constraint: NET         
"DDR2_SDRAM/DDR2_SDRAM/mpmc_core_0/gen_v5_ddr2_phy.mpmc_phy_if_0/u_phy_io_0/
en_dqs<5>"         MAXDELAY = 0.6 ns;

 1 net analyzed, 0 failing nets detected.
 0 timing errors detected.
 Maximum net delay is   0.522ns.
--------------------------------------------------------------------------------

================================================================================
Timing constraint: NET         
"DDR2_SDRAM/DDR2_SDRAM/mpmc_core_0/gen_v5_ddr2_phy.mpmc_phy_if_0/u_phy_io_0/
en_dqs<4>"         MAXDELAY = 0.6 ns;

 1 net analyzed, 0 failing nets detected.
 0 timing errors detected.
 Maximum net delay is   0.522ns.
--------------------------------------------------------------------------------

================================================================================
Timing constraint: NET         
"DDR2_SDRAM/DDR2_SDRAM/mpmc_core_0/gen_v5_ddr2_phy.mpmc_phy_if_0/u_phy_io_0/
en_dqs<3>"         MAXDELAY = 0.6 ns;

 1 net analyzed, 0 failing nets detected.
 0 timing errors detected.
 Maximum net delay is   0.531ns.
--------------------------------------------------------------------------------

================================================================================
Timing constraint: NET         
"DDR2_SDRAM/DDR2_SDRAM/mpmc_core_0/gen_v5_ddr2_phy.mpmc_phy_if_0/u_phy_io_0/
en_dqs<2>"         MAXDELAY = 0.6 ns;

 1 net analyzed, 0 failing nets detected.
 0 timing errors detected.
 Maximum net delay is   0.531ns.
--------------------------------------------------------------------------------

================================================================================
Timing constraint: NET         
"DDR2_SDRAM/DDR2_SDRAM/mpmc_core_0/gen_v5_ddr2_phy.mpmc_phy_if_0/u_phy_io_0/
en_dqs<1>"         MAXDELAY = 0.6 ns;

 1 net analyzed, 0 failing nets detected.
 0 timing errors detected.
 Maximum net delay is   0.528ns.
--------------------------------------------------------------------------------

================================================================================
Timing constraint: NET         
"DDR2_SDRAM/DDR2_SDRAM/mpmc_core_0/gen_v5_ddr2_phy.mpmc_phy_if_0/u_phy_io_0/
en_dqs<0>"         MAXDELAY = 0.6 ns;

 1 net analyzed, 0 failing nets detected.
 0 timing errors detected.
 Maximum net delay is   0.522ns.
--------------------------------------------------------------------------------

================================================================================
Timing constraint: NET         
"DDR2_SDRAM/DDR2_SDRAM/mpmc_core_0/gen_v5_ddr2_phy.mpmc_phy_if_0/u_phy_io_0/
gen_dqs[7].u_iob_dqs/en_dqs_sync"         MAXDELAY = 0.85 ns;

 1 net analyzed, 0 failing nets detected.
 0 timing errors detected.
 Maximum net delay is   0.803ns.
--------------------------------------------------------------------------------

================================================================================
Timing constraint: NET         
"DDR2_SDRAM/DDR2_SDRAM/mpmc_core_0/gen_v5_ddr2_phy.mpmc_phy_if_0/u_phy_io_0/
gen_dqs[6].u_iob_dqs/en_dqs_sync"         MAXDELAY = 0.85 ns;

 1 net analyzed, 0 failing nets detected.
 0 timing errors detected.
 Maximum net delay is   0.838ns.
--------------------------------------------------------------------------------

================================================================================
Timing constraint: NET         
"DDR2_SDRAM/DDR2_SDRAM/mpmc_core_0/gen_v5_ddr2_phy.mpmc_phy_if_0/u_phy_io_0/
gen_dqs[5].u_iob_dqs/en_dqs_sync"         MAXDELAY = 0.85 ns;

 1 net analyzed, 0 failing nets detected.
 0 timing errors detected.
 Maximum net delay is   0.835ns.
--------------------------------------------------------------------------------

================================================================================
Timing constraint: NET         
"DDR2_SDRAM/DDR2_SDRAM/mpmc_core_0/gen_v5_ddr2_phy.mpmc_phy_if_0/u_phy_io_0/
gen_dqs[4].u_iob_dqs/en_dqs_sync"         MAXDELAY = 0.85 ns;

 1 net analyzed, 0 failing nets detected.
 0 timing errors detected.
 Maximum net delay is   0.803ns.
--------------------------------------------------------------------------------

================================================================================
Timing constraint: NET         
"DDR2_SDRAM/DDR2_SDRAM/mpmc_core_0/gen_v5_ddr2_phy.mpmc_phy_if_0/u_phy_io_0/
gen_dqs[3].u_iob_dqs/en_dqs_sync"         MAXDELAY = 0.85 ns;

 1 net analyzed, 0 failing nets detected.
 0 timing errors detected.
 Maximum net delay is   0.803ns.
--------------------------------------------------------------------------------

================================================================================
Timing constraint: NET         
"DDR2_SDRAM/DDR2_SDRAM/mpmc_core_0/gen_v5_ddr2_phy.mpmc_phy_if_0/u_phy_io_0/
gen_dqs[2].u_iob_dqs/en_dqs_sync"         MAXDELAY = 0.85 ns;

 1 net analyzed, 0 failing nets detected.
 0 timing errors detected.
 Maximum net delay is   0.803ns.
--------------------------------------------------------------------------------

================================================================================
Timing constraint: NET         
"DDR2_SDRAM/DDR2_SDRAM/mpmc_core_0/gen_v5_ddr2_phy.mpmc_phy_if_0/u_phy_io_0/
gen_dqs[1].u_iob_dqs/en_dqs_sync"         MAXDELAY = 0.85 ns;

 1 net analyzed, 0 failing nets detected.
 0 timing errors detected.
 Maximum net delay is   0.805ns.
--------------------------------------------------------------------------------

================================================================================
Timing constraint: NET         
"DDR2_SDRAM/DDR2_SDRAM/mpmc_core_0/gen_v5_ddr2_phy.mpmc_phy_if_0/u_phy_io_0/
gen_dqs[0].u_iob_dqs/en_dqs_sync"         MAXDELAY = 0.85 ns;

 1 net analyzed, 0 failing nets detected.
 0 timing errors detected.
 Maximum net delay is   0.805ns.
--------------------------------------------------------------------------------

================================================================================
Timing constraint: PATH "TS_DVMA_REG_RULE_0_path" TIG;

 26 paths analyzed, 26 endpoints analyzed, 0 failing endpoints
 0 timing errors detected. (0 setup errors, 0 hold errors)
--------------------------------------------------------------------------------

================================================================================
Timing constraint: PATH "TS_DVMA_REG_RULE_1_path" TIG;

 8024 paths analyzed, 181 endpoints analyzed, 0 failing endpoints
 0 timing errors detected. (0 setup errors, 0 hold errors)
--------------------------------------------------------------------------------

================================================================================
Timing constraint: TS_sys_clk_pin = PERIOD TIMEGRP "sys_clk_pin" 100 MHz HIGH 
50%;
For more information, see Period Analysis in the Timing Closure User Guide (UG612).

 0 paths analyzed, 0 endpoints analyzed, 0 failing endpoints
 0 timing errors detected. (0 component switching limit errors)
 Minimum period is   4.000ns.
--------------------------------------------------------------------------------

================================================================================
Timing constraint: TS_MC_RD_DATA_SEL = MAXDELAY FROM TIMEGRP "TNM_RD_DATA_SEL" 
TO TIMEGRP "FFS"         TS_sys_clk_pin * 2;
For more information, see From:To (Multicycle) Analysis in the Timing Closure User Guide (UG612).

 384 paths analyzed, 384 endpoints analyzed, 0 failing endpoints
 0 timing errors detected. (0 setup errors, 0 hold errors)
 Maximum delay is   4.691ns.
--------------------------------------------------------------------------------

================================================================================
Timing constraint: TS_MC_PHY_INIT_DATA_SEL_0 = MAXDELAY FROM TIMEGRP 
"TNM_PHY_INIT_DATA_SEL" TO         TIMEGRP "FFS" TS_sys_clk_pin * 2;
For more information, see From:To (Multicycle) Analysis in the Timing Closure User Guide (UG612).

 0 paths analyzed, 0 endpoints analyzed, 0 failing endpoints
 0 timing errors detected.
--------------------------------------------------------------------------------

================================================================================
Timing constraint: TS_MC_PHY_INIT_DATA_SEL_90 = MAXDELAY FROM TIMEGRP 
"TNM_PHY_INIT_DATA_SEL" TO         TIMEGRP "FFS" TS_sys_clk_pin * 2;
For more information, see From:To (Multicycle) Analysis in the Timing Closure User Guide (UG612).

 57 paths analyzed, 57 endpoints analyzed, 0 failing endpoints
 0 timing errors detected. (0 setup errors, 0 hold errors)
 Maximum delay is   4.771ns.
--------------------------------------------------------------------------------

================================================================================
Timing constraint: TS_MC_GATE_DLY = MAXDELAY FROM TIMEGRP "TNM_GATE_DLY" TO 
TIMEGRP "FFS"         TS_sys_clk_pin * 2;
For more information, see From:To (Multicycle) Analysis in the Timing Closure User Guide (UG612).

 40 paths analyzed, 40 endpoints analyzed, 0 failing endpoints
 0 timing errors detected. (0 setup errors, 0 hold errors)
 Maximum delay is   3.215ns.
--------------------------------------------------------------------------------

================================================================================
Timing constraint: TS_MC_RDEN_DLY = MAXDELAY FROM TIMEGRP "TNM_RDEN_DLY" TO 
TIMEGRP "FFS"         TS_sys_clk_pin * 2;
For more information, see From:To (Multicycle) Analysis in the Timing Closure User Guide (UG612).

 5 paths analyzed, 5 endpoints analyzed, 0 failing endpoints
 0 timing errors detected. (0 setup errors, 0 hold errors)
 Maximum delay is   1.861ns.
--------------------------------------------------------------------------------

================================================================================
Timing constraint: TS_MC_CAL_RDEN_DLY = MAXDELAY FROM TIMEGRP 
"TNM_CAL_RDEN_DLY" TO TIMEGRP "FFS"         TS_sys_clk_pin * 2;
For more information, see From:To (Multicycle) Analysis in the Timing Closure User Guide (UG612).

 5 paths analyzed, 5 endpoints analyzed, 0 failing endpoints
 0 timing errors detected. (0 setup errors, 0 hold errors)
 Maximum delay is   1.837ns.
--------------------------------------------------------------------------------

================================================================================
Timing constraint: TS_DQ_CE = MAXDELAY FROM TIMEGRP "TNM_DQ_CE_IDDR" TO TIMEGRP 
"TNM_DQS_FLOPS"         1.9 ns;
For more information, see From:To (Multicycle) Analysis in the Timing Closure User Guide (UG612).

 128 paths analyzed, 64 endpoints analyzed, 0 failing endpoints
 0 timing errors detected. (0 setup errors, 0 hold errors)
 Minimum period is   3.676ns.
 Maximum delay is   1.862ns.
--------------------------------------------------------------------------------

================================================================================
Timing constraint: TS_clock_generator_0_clock_generator_0_SIG_PLL1_CLKOUT0 = 
PERIOD TIMEGRP         "clock_generator_0_clock_generator_0_SIG_PLL1_CLKOUT0" 
TS_sys_clk_pin         * 2 HIGH 50%;
For more information, see Period Analysis in the Timing Closure User Guide (UG612).

 0 paths analyzed, 0 endpoints analyzed, 0 failing endpoints
 0 timing errors detected. (0 component switching limit errors)
 Minimum period is   1.666ns.
--------------------------------------------------------------------------------

================================================================================
Timing constraint: TS_clock_generator_0_clock_generator_0_SIG_PLL1_CLKOUT1 = 
PERIOD TIMEGRP         "clock_generator_0_clock_generator_0_SIG_PLL1_CLKOUT1" 
TS_sys_clk_pin         * 0.75 HIGH 50%;
For more information, see Period Analysis in the Timing Closure User Guide (UG612).

 6681 paths analyzed, 549 endpoints analyzed, 0 failing endpoints
 0 timing errors detected. (0 setup errors, 0 hold errors, 0 component switching limit errors)
 Minimum period is   9.993ns.
--------------------------------------------------------------------------------

================================================================================
Timing constraint: TS_clock_generator_0_clock_generator_0_SIG_PLL1_CLKOUT2 = 
PERIOD TIMEGRP         "clock_generator_0_clock_generator_0_SIG_PLL1_CLKOUT2" 
TS_sys_clk_pin         * 0.25 HIGH 50%;
For more information, see Period Analysis in the Timing Closure User Guide (UG612).

 0 paths analyzed, 0 endpoints analyzed, 0 failing endpoints
 0 timing errors detected. (0 component switching limit errors)
 Minimum period is   2.400ns.
--------------------------------------------------------------------------------

================================================================================
Timing constraint: TS_clock_generator_0_clock_generator_0_SIG_PLL0_CLKOUT0 = 
PERIOD TIMEGRP         "clock_generator_0_clock_generator_0_SIG_PLL0_CLKOUT0" 
TS_sys_clk_pin         * 1.25 PHASE 2 ns HIGH 50%;
For more information, see Period Analysis in the Timing Closure User Guide (UG612).

 898 paths analyzed, 764 endpoints analyzed, 0 failing endpoints
 0 timing errors detected. (0 setup errors, 0 hold errors, 0 component switching limit errors)
 Minimum period is   5.256ns.
--------------------------------------------------------------------------------

================================================================================
Timing constraint: TS_clock_generator_0_clock_generator_0_SIG_PLL0_CLKOUT1 = 
PERIOD TIMEGRP         "clock_generator_0_clock_generator_0_SIG_PLL0_CLKOUT1" 
TS_sys_clk_pin         * 1.25 HIGH 50%;
For more information, see Period Analysis in the Timing Closure User Guide (UG612).

 596233 paths analyzed, 53516 endpoints analyzed, 0 failing endpoints
 0 timing errors detected. (0 setup errors, 0 hold errors, 0 component switching limit errors)
 Minimum period is   7.957ns.
--------------------------------------------------------------------------------

================================================================================
Timing constraint: TS_clock_generator_0_clock_generator_0_SIG_PLL0_CLKOUT2 = 
PERIOD TIMEGRP         "clock_generator_0_clock_generator_0_SIG_PLL0_CLKOUT2" 
TS_sys_clk_pin         * 0.625 HIGH 50%;
For more information, see Period Analysis in the Timing Closure User Guide (UG612).

 11082 paths analyzed, 4202 endpoints analyzed, 0 failing endpoints
 0 timing errors detected. (0 setup errors, 0 hold errors, 0 component switching limit errors)
 Minimum period is  10.234ns.
--------------------------------------------------------------------------------


Derived Constraint Report
Derived Constraints for TS_sys_clk_pin
+-------------------------------+-------------+-------------+-------------+-------------+-------------+-------------+-------------+
|                               |   Period    |       Actual Period       |      Timing Errors        |      Paths Analyzed       |
|           Constraint          | Requirement |-------------+-------------|-------------+-------------|-------------+-------------|
|                               |             |   Direct    | Derivative  |   Direct    | Derivative  |   Direct    | Derivative  |
+-------------------------------+-------------+-------------+-------------+-------------+-------------+-------------+-------------+
|TS_sys_clk_pin                 |     10.000ns|      4.000ns|      9.946ns|            0|            0|            0|       615385|
| TS_MC_RD_DATA_SEL             |      5.000ns|      4.691ns|          N/A|            0|            0|          384|            0|
| TS_MC_PHY_INIT_DATA_SEL_0     |      5.000ns|          N/A|          N/A|            0|            0|            0|            0|
| TS_MC_PHY_INIT_DATA_SEL_90    |      5.000ns|      4.771ns|          N/A|            0|            0|           57|            0|
| TS_MC_GATE_DLY                |      5.000ns|      3.215ns|          N/A|            0|            0|           40|            0|
| TS_MC_RDEN_DLY                |      5.000ns|      1.861ns|          N/A|            0|            0|            5|            0|
| TS_MC_CAL_RDEN_DLY            |      5.000ns|      1.837ns|          N/A|            0|            0|            5|            0|
| TS_clock_generator_0_clock_gen|      5.000ns|      1.666ns|          N/A|            0|            0|            0|            0|
| erator_0_SIG_PLL1_CLKOUT0     |             |             |             |             |             |             |             |
| TS_clock_generator_0_clock_gen|     13.333ns|      9.993ns|          N/A|            0|            0|         6681|            0|
| erator_0_SIG_PLL1_CLKOUT1     |             |             |             |             |             |             |             |
| TS_clock_generator_0_clock_gen|     40.000ns|      2.400ns|          N/A|            0|            0|            0|            0|
| erator_0_SIG_PLL1_CLKOUT2     |             |             |             |             |             |             |             |
| TS_clock_generator_0_clock_gen|      8.000ns|      5.256ns|          N/A|            0|            0|          898|            0|
| erator_0_SIG_PLL0_CLKOUT0     |             |             |             |             |             |             |             |
| TS_clock_generator_0_clock_gen|      8.000ns|      7.957ns|          N/A|            0|            0|       596233|            0|
| erator_0_SIG_PLL0_CLKOUT1     |             |             |             |             |             |             |             |
| TS_clock_generator_0_clock_gen|     16.000ns|     10.234ns|          N/A|            0|            0|        11082|            0|
| erator_0_SIG_PLL0_CLKOUT2     |             |             |             |             |             |             |             |
+-------------------------------+-------------+-------------+-------------+-------------+-------------+-------------+-------------+

All constraints were met.


Data Sheet report:
-----------------
All values displayed in nanoseconds (ns)

Clock to Setup on destination clock fpga_0_DDR2_SDRAM_DDR2_DQS_n_pin<0>
-----------------------------------+---------+---------+---------+---------+
                                   | Src:Rise| Src:Fall| Src:Rise| Src:Fall|
Source Clock                       |Dest:Rise|Dest:Rise|Dest:Fall|Dest:Fall|
-----------------------------------+---------+---------+---------+---------+
fpga_0_DDR2_SDRAM_DDR2_DQS_n_pin<0>|         |    1.802|         |    1.826|
fpga_0_DDR2_SDRAM_DDR2_DQS_pin<0>  |         |    1.802|         |    1.826|
-----------------------------------+---------+---------+---------+---------+

Clock to Setup on destination clock fpga_0_DDR2_SDRAM_DDR2_DQS_n_pin<1>
-----------------------------------+---------+---------+---------+---------+
                                   | Src:Rise| Src:Fall| Src:Rise| Src:Fall|
Source Clock                       |Dest:Rise|Dest:Rise|Dest:Fall|Dest:Fall|
-----------------------------------+---------+---------+---------+---------+
fpga_0_DDR2_SDRAM_DDR2_DQS_n_pin<1>|         |    1.764|         |    1.788|
fpga_0_DDR2_SDRAM_DDR2_DQS_pin<1>  |         |    1.764|         |    1.788|
-----------------------------------+---------+---------+---------+---------+

Clock to Setup on destination clock fpga_0_DDR2_SDRAM_DDR2_DQS_n_pin<2>
-----------------------------------+---------+---------+---------+---------+
                                   | Src:Rise| Src:Fall| Src:Rise| Src:Fall|
Source Clock                       |Dest:Rise|Dest:Rise|Dest:Fall|Dest:Fall|
-----------------------------------+---------+---------+---------+---------+
fpga_0_DDR2_SDRAM_DDR2_DQS_n_pin<2>|         |    1.822|         |    1.846|
fpga_0_DDR2_SDRAM_DDR2_DQS_pin<2>  |         |    1.822|         |    1.846|
-----------------------------------+---------+---------+---------+---------+

Clock to Setup on destination clock fpga_0_DDR2_SDRAM_DDR2_DQS_n_pin<3>
-----------------------------------+---------+---------+---------+---------+
                                   | Src:Rise| Src:Fall| Src:Rise| Src:Fall|
Source Clock                       |Dest:Rise|Dest:Rise|Dest:Fall|Dest:Fall|
-----------------------------------+---------+---------+---------+---------+
fpga_0_DDR2_SDRAM_DDR2_DQS_n_pin<3>|         |    1.667|         |    1.691|
fpga_0_DDR2_SDRAM_DDR2_DQS_pin<3>  |         |    1.667|         |    1.691|
-----------------------------------+---------+---------+---------+---------+

Clock to Setup on destination clock fpga_0_DDR2_SDRAM_DDR2_DQS_n_pin<4>
-----------------------------------+---------+---------+---------+---------+
                                   | Src:Rise| Src:Fall| Src:Rise| Src:Fall|
Source Clock                       |Dest:Rise|Dest:Rise|Dest:Fall|Dest:Fall|
-----------------------------------+---------+---------+---------+---------+
fpga_0_DDR2_SDRAM_DDR2_DQS_n_pin<4>|         |    1.829|         |    1.853|
fpga_0_DDR2_SDRAM_DDR2_DQS_pin<4>  |         |    1.829|         |    1.853|
-----------------------------------+---------+---------+---------+---------+

Clock to Setup on destination clock fpga_0_DDR2_SDRAM_DDR2_DQS_n_pin<5>
-----------------------------------+---------+---------+---------+---------+
                                   | Src:Rise| Src:Fall| Src:Rise| Src:Fall|
Source Clock                       |Dest:Rise|Dest:Rise|Dest:Fall|Dest:Fall|
-----------------------------------+---------+---------+---------+---------+
fpga_0_DDR2_SDRAM_DDR2_DQS_n_pin<5>|         |    1.838|         |    1.862|
fpga_0_DDR2_SDRAM_DDR2_DQS_pin<5>  |         |    1.838|         |    1.862|
-----------------------------------+---------+---------+---------+---------+

Clock to Setup on destination clock fpga_0_DDR2_SDRAM_DDR2_DQS_n_pin<6>
-----------------------------------+---------+---------+---------+---------+
                                   | Src:Rise| Src:Fall| Src:Rise| Src:Fall|
Source Clock                       |Dest:Rise|Dest:Rise|Dest:Fall|Dest:Fall|
-----------------------------------+---------+---------+---------+---------+
fpga_0_DDR2_SDRAM_DDR2_DQS_n_pin<6>|         |    1.800|         |    1.824|
fpga_0_DDR2_SDRAM_DDR2_DQS_pin<6>  |         |    1.800|         |    1.824|
-----------------------------------+---------+---------+---------+---------+

Clock to Setup on destination clock fpga_0_DDR2_SDRAM_DDR2_DQS_n_pin<7>
-----------------------------------+---------+---------+---------+---------+
                                   | Src:Rise| Src:Fall| Src:Rise| Src:Fall|
Source Clock                       |Dest:Rise|Dest:Rise|Dest:Fall|Dest:Fall|
-----------------------------------+---------+---------+---------+---------+
fpga_0_DDR2_SDRAM_DDR2_DQS_n_pin<7>|         |    1.817|         |    1.841|
fpga_0_DDR2_SDRAM_DDR2_DQS_pin<7>  |         |    1.817|         |    1.841|
-----------------------------------+---------+---------+---------+---------+

Clock to Setup on destination clock fpga_0_DDR2_SDRAM_DDR2_DQS_pin<0>
-----------------------------------+---------+---------+---------+---------+
                                   | Src:Rise| Src:Fall| Src:Rise| Src:Fall|
Source Clock                       |Dest:Rise|Dest:Rise|Dest:Fall|Dest:Fall|
-----------------------------------+---------+---------+---------+---------+
fpga_0_DDR2_SDRAM_DDR2_DQS_n_pin<0>|         |    1.802|         |    1.826|
fpga_0_DDR2_SDRAM_DDR2_DQS_pin<0>  |         |    1.802|         |    1.826|
-----------------------------------+---------+---------+---------+---------+

Clock to Setup on destination clock fpga_0_DDR2_SDRAM_DDR2_DQS_pin<1>
-----------------------------------+---------+---------+---------+---------+
                                   | Src:Rise| Src:Fall| Src:Rise| Src:Fall|
Source Clock                       |Dest:Rise|Dest:Rise|Dest:Fall|Dest:Fall|
-----------------------------------+---------+---------+---------+---------+
fpga_0_DDR2_SDRAM_DDR2_DQS_n_pin<1>|         |    1.764|         |    1.788|
fpga_0_DDR2_SDRAM_DDR2_DQS_pin<1>  |         |    1.764|         |    1.788|
-----------------------------------+---------+---------+---------+---------+

Clock to Setup on destination clock fpga_0_DDR2_SDRAM_DDR2_DQS_pin<2>
-----------------------------------+---------+---------+---------+---------+
                                   | Src:Rise| Src:Fall| Src:Rise| Src:Fall|
Source Clock                       |Dest:Rise|Dest:Rise|Dest:Fall|Dest:Fall|
-----------------------------------+---------+---------+---------+---------+
fpga_0_DDR2_SDRAM_DDR2_DQS_n_pin<2>|         |    1.822|         |    1.846|
fpga_0_DDR2_SDRAM_DDR2_DQS_pin<2>  |         |    1.822|         |    1.846|
-----------------------------------+---------+---------+---------+---------+

Clock to Setup on destination clock fpga_0_DDR2_SDRAM_DDR2_DQS_pin<3>
-----------------------------------+---------+---------+---------+---------+
                                   | Src:Rise| Src:Fall| Src:Rise| Src:Fall|
Source Clock                       |Dest:Rise|Dest:Rise|Dest:Fall|Dest:Fall|
-----------------------------------+---------+---------+---------+---------+
fpga_0_DDR2_SDRAM_DDR2_DQS_n_pin<3>|         |    1.667|         |    1.691|
fpga_0_DDR2_SDRAM_DDR2_DQS_pin<3>  |         |    1.667|         |    1.691|
-----------------------------------+---------+---------+---------+---------+

Clock to Setup on destination clock fpga_0_DDR2_SDRAM_DDR2_DQS_pin<4>
-----------------------------------+---------+---------+---------+---------+
                                   | Src:Rise| Src:Fall| Src:Rise| Src:Fall|
Source Clock                       |Dest:Rise|Dest:Rise|Dest:Fall|Dest:Fall|
-----------------------------------+---------+---------+---------+---------+
fpga_0_DDR2_SDRAM_DDR2_DQS_n_pin<4>|         |    1.829|         |    1.853|
fpga_0_DDR2_SDRAM_DDR2_DQS_pin<4>  |         |    1.829|         |    1.853|
-----------------------------------+---------+---------+---------+---------+

Clock to Setup on destination clock fpga_0_DDR2_SDRAM_DDR2_DQS_pin<5>
-----------------------------------+---------+---------+---------+---------+
                                   | Src:Rise| Src:Fall| Src:Rise| Src:Fall|
Source Clock                       |Dest:Rise|Dest:Rise|Dest:Fall|Dest:Fall|
-----------------------------------+---------+---------+---------+---------+
fpga_0_DDR2_SDRAM_DDR2_DQS_n_pin<5>|         |    1.838|         |    1.862|
fpga_0_DDR2_SDRAM_DDR2_DQS_pin<5>  |         |    1.838|         |    1.862|
-----------------------------------+---------+---------+---------+---------+

Clock to Setup on destination clock fpga_0_DDR2_SDRAM_DDR2_DQS_pin<6>
-----------------------------------+---------+---------+---------+---------+
                                   | Src:Rise| Src:Fall| Src:Rise| Src:Fall|
Source Clock                       |Dest:Rise|Dest:Rise|Dest:Fall|Dest:Fall|
-----------------------------------+---------+---------+---------+---------+
fpga_0_DDR2_SDRAM_DDR2_DQS_n_pin<6>|         |    1.800|         |    1.824|
fpga_0_DDR2_SDRAM_DDR2_DQS_pin<6>  |         |    1.800|         |    1.824|
-----------------------------------+---------+---------+---------+---------+

Clock to Setup on destination clock fpga_0_DDR2_SDRAM_DDR2_DQS_pin<7>
-----------------------------------+---------+---------+---------+---------+
                                   | Src:Rise| Src:Fall| Src:Rise| Src:Fall|
Source Clock                       |Dest:Rise|Dest:Rise|Dest:Fall|Dest:Fall|
-----------------------------------+---------+---------+---------+---------+
fpga_0_DDR2_SDRAM_DDR2_DQS_n_pin<7>|         |    1.817|         |    1.841|
fpga_0_DDR2_SDRAM_DDR2_DQS_pin<7>  |         |    1.817|         |    1.841|
-----------------------------------+---------+---------+---------+---------+

Clock to Setup on destination clock fpga_0_clk_1_sys_clk_pin
------------------------+---------+---------+---------+---------+
                        | Src:Rise| Src:Fall| Src:Rise| Src:Fall|
Source Clock            |Dest:Rise|Dest:Rise|Dest:Fall|Dest:Fall|
------------------------+---------+---------+---------+---------+
fpga_0_clk_1_sys_clk_pin|    9.993|    2.961|    3.708|    3.760|
------------------------+---------+---------+---------+---------+


Timing summary:
---------------

Timing errors: 0  Score: 0  (Setup/Max: 0, Hold: 0)

Constraints cover 623563 paths, 88 nets, and 74517 connections

Design statistics:
   Minimum period:  10.234ns   (Maximum frequency:  97.714MHz)
   Maximum path delay from/to any node:   4.771ns
   Maximum net delay:   1.436ns


Analysis completed Tue Dec 12 22:55:39 2017 
--------------------------------------------------------------------------------

Trace Settings:
-------------------------
Trace Settings 

Peak Memory Usage: 674 MB



